warning: mkdir: directory exists
 It.:    1 Obj.:  1007.0221 Vol.:  0.500 ch.:  0.200
 It.:    2 Obj.:   583.6279 Vol.:  0.500 ch.:  0.200
 It.:    3 Obj.:   417.0593 Vol.:  0.500 ch.:  0.200
 It.:    4 Obj.:   351.0267 Vol.:  0.500 ch.:  0.200
 It.:    5 Obj.:   331.9159 Vol.:  0.500 ch.:  0.144
 It.:    6 Obj.:   321.4309 Vol.:  0.500 ch.:  0.174
 It.:    7 Obj.:   313.5632 Vol.:  0.500 ch.:  0.122
 It.:    8 Obj.:   307.0902 Vol.:  0.500 ch.:  0.155
 It.:    9 Obj.:   300.4403 Vol.:  0.500 ch.:  0.120
 It.:   10 Obj.:   294.6178 Vol.:  0.500 ch.:  0.133
 It.:   11 Obj.:   289.0364 Vol.:  0.500 ch.:  0.112
 It.:   12 Obj.:   284.5011 Vol.:  0.500 ch.:  0.120
 It.:   13 Obj.:   278.8043 Vol.:  0.500 ch.:  0.102
 It.:   14 Obj.:   273.4503 Vol.:  0.500 ch.:  0.116
 It.:   15 Obj.:   266.1838 Vol.:  0.500 ch.:  0.109
 It.:   16 Obj.:   258.6013 Vol.:  0.500 ch.:  0.120
 It.:   17 Obj.:   250.5109 Vol.:  0.500 ch.:  0.101
 It.:   18 Obj.:   242.4407 Vol.:  0.500 ch.:  0.120
 It.:   19 Obj.:   234.8968 Vol.:  0.500 ch.:  0.096
 It.:   20 Obj.:   228.8853 Vol.:  0.500 ch.:  0.096
 It.:   21 Obj.:   224.5807 Vol.:  0.500 ch.:  0.068
 It.:   22 Obj.:   222.2565 Vol.:  0.500 ch.:  0.041
 It.:   23 Obj.:   221.3500 Vol.:  0.500 ch.:  0.027
 It.:   24 Obj.:   220.9995 Vol.:  0.500 ch.:  0.027
 It.:   25 Obj.:   220.6340 Vol.:  0.500 ch.:  0.027
 It.:   26 Obj.:   220.4617 Vol.:  0.500 ch.:  0.025
 It.:   27 Obj.:   220.3664 Vol.:  0.500 ch.:  0.023
 It.:   28 Obj.:   220.3631 Vol.:  0.500 ch.:  0.022
 It.:   29 Obj.:   220.2172 Vol.:  0.500 ch.:  0.021
 It.:   30 Obj.:   220.1361 Vol.:  0.500 ch.:  0.021
 It.:   31 Obj.:   220.0279 Vol.:  0.500 ch.:  0.021
 It.:   32 Obj.:   219.9569 Vol.:  0.500 ch.:  0.020
 It.:   33 Obj.:   219.8891 Vol.:  0.500 ch.:  0.019
 It.:   34 Obj.:   219.8340 Vol.:  0.500 ch.:  0.019
 It.:   35 Obj.:   219.7767 Vol.:  0.500 ch.:  0.020
 It.:   36 Obj.:   219.5169 Vol.:  0.500 ch.:  0.020
 It.:   37 Obj.:   219.4760 Vol.:  0.500 ch.:  0.021
 It.:   38 Obj.:   219.5529 Vol.:  0.500 ch.:  0.021
 It.:   39 Obj.:   219.4569 Vol.:  0.500 ch.:  0.022
 It.:   40 Obj.:   219.2845 Vol.:  0.500 ch.:  0.025
 It.:   41 Obj.:   219.3021 Vol.:  0.500 ch.:  0.025
 It.:   42 Obj.:   219.2460 Vol.:  0.500 ch.:  0.023
 It.:   43 Obj.:   219.2214 Vol.:  0.500 ch.:  0.021
 It.:   44 Obj.:   219.1861 Vol.:  0.500 ch.:  0.020
 It.:   45 Obj.:   219.1602 Vol.:  0.500 ch.:  0.019
 It.:   46 Obj.:   219.1236 Vol.:  0.500 ch.:  0.018
 It.:   47 Obj.:   219.0909 Vol.:  0.500 ch.:  0.017
 It.:   48 Obj.:   219.0502 Vol.:  0.500 ch.:  0.017
 It.:   49 Obj.:   219.0135 Vol.:  0.500 ch.:  0.017
 It.:   50 Obj.:   218.9708 Vol.:  0.500 ch.:  0.018
 It.:   51 Obj.:   218.9275 Vol.:  0.500 ch.:  0.018
 It.:   52 Obj.:   218.8812 Vol.:  0.500 ch.:  0.017
 It.:   53 Obj.:   218.8295 Vol.:  0.500 ch.:  0.016
 It.:   54 Obj.:   218.5848 Vol.:  0.500 ch.:  0.018
 It.:   55 Obj.:   218.5454 Vol.:  0.500 ch.:  0.017
 It.:   56 Obj.:   218.6452 Vol.:  0.500 ch.:  0.015
 It.:   57 Obj.:   218.3962 Vol.:  0.500 ch.:  0.016
 It.:   58 Obj.:   218.3803 Vol.:  0.500 ch.:  0.015
 It.:   59 Obj.:   218.2943 Vol.:  0.500 ch.:  0.017
 It.:   60 Obj.:   218.2724 Vol.:  0.500 ch.:  0.019
 It.:   61 Obj.:   218.2192 Vol.:  0.500 ch.:  0.018
 It.:   62 Obj.:   218.1850 Vol.:  0.500 ch.:  0.018
 It.:   63 Obj.:   218.1484 Vol.:  0.500 ch.:  0.018
 It.:   64 Obj.:   218.1152 Vol.:  0.500 ch.:  0.017
 It.:   65 Obj.:   218.0809 Vol.:  0.500 ch.:  0.016
 It.:   66 Obj.:   218.0513 Vol.:  0.500 ch.:  0.015
 It.:   67 Obj.:   218.0224 Vol.:  0.500 ch.:  0.015
 It.:   68 Obj.:   217.9918 Vol.:  0.500 ch.:  0.014
 It.:   69 Obj.:   217.9686 Vol.:  0.500 ch.:  0.014
 It.:   70 Obj.:   217.9399 Vol.:  0.500 ch.:  0.013
 It.:   71 Obj.:   217.9081 Vol.:  0.500 ch.:  0.013
 It.:   72 Obj.:   217.8723 Vol.:  0.500 ch.:  0.013
 It.:   73 Obj.:   217.8352 Vol.:  0.500 ch.:  0.013
 It.:   74 Obj.:   217.7986 Vol.:  0.500 ch.:  0.013
 It.:   75 Obj.:   217.7597 Vol.:  0.500 ch.:  0.013
 It.:   76 Obj.:   217.7246 Vol.:  0.500 ch.:  0.013
 It.:   77 Obj.:   217.6857 Vol.:  0.500 ch.:  0.012
 It.:   78 Obj.:   217.4485 Vol.:  0.500 ch.:  0.014
 It.:   79 Obj.:   217.6227 Vol.:  0.500 ch.:  0.012
 It.:   80 Obj.:   217.5315 Vol.:  0.500 ch.:  0.012
 It.:   81 Obj.:   217.3311 Vol.:  0.500 ch.:  0.014
 It.:   82 Obj.:   217.4846 Vol.:  0.500 ch.:  0.013
 It.:   83 Obj.:   217.4071 Vol.:  0.500 ch.:  0.013
 It.:   84 Obj.:   217.2020 Vol.:  0.500 ch.:  0.012
 It.:   85 Obj.:   217.1776 Vol.:  0.500 ch.:  0.013
 It.:   86 Obj.:   217.3137 Vol.:  0.500 ch.:  0.014
 It.:   87 Obj.:   217.2664 Vol.:  0.500 ch.:  0.014
 It.:   88 Obj.:   217.0690 Vol.:  0.500 ch.:  0.013
 It.:   89 Obj.:   217.0505 Vol.:  0.500 ch.:  0.012
 It.:   90 Obj.:   217.1914 Vol.:  0.500 ch.:  0.012
 It.:   91 Obj.:   217.1533 Vol.:  0.500 ch.:  0.013
 It.:   92 Obj.:   216.9557 Vol.:  0.500 ch.:  0.012
 It.:   93 Obj.:   216.9426 Vol.:  0.500 ch.:  0.011
 It.:   94 Obj.:   217.0946 Vol.:  0.500 ch.:  0.012
 It.:   95 Obj.:   217.0635 Vol.:  0.500 ch.:  0.012
 It.:   96 Obj.:   216.8693 Vol.:  0.500 ch.:  0.011
 It.:   97 Obj.:   216.8557 Vol.:  0.500 ch.:  0.011
 It.:   98 Obj.:   217.0057 Vol.:  0.500 ch.:  0.010
 It.:   99 Obj.:   216.9718 Vol.:  0.500 ch.:  0.011
 It.:  100 Obj.:   216.7731 Vol.:  0.500 ch.:  0.010
 It.:  101 Obj.:   216.7606 Vol.:  0.500 ch.:  0.011
 It.:  102 Obj.:   216.9142 Vol.:  0.500 ch.:  0.010
 It.:  103 Obj.:   216.8757 Vol.:  0.500 ch.:  0.011
 It.:  104 Obj.:   216.6781 Vol.:  0.500 ch.:  0.010
 It.:  105 Obj.:   216.6680 Vol.:  0.500 ch.:  0.011
 It.:  106 Obj.:   216.8137 Vol.:  0.500 ch.:  0.010
 It.:    1 Obj.:  1033.0446 Vol.:  0.500 ch.:  0.200
 It.:    2 Obj.:   592.2743 Vol.:  0.500 ch.:  0.200
 It.:    3 Obj.:   421.3995 Vol.:  0.500 ch.:  0.200
 It.:    4 Obj.:   354.4404 Vol.:  0.500 ch.:  0.200
 It.:    5 Obj.:   334.9058 Vol.:  0.500 ch.:  0.141
 It.:    6 Obj.:   324.7431 Vol.:  0.500 ch.:  0.176
 It.:    7 Obj.:   317.2108 Vol.:  0.500 ch.:  0.124
 It.:    8 Obj.:   310.6816 Vol.:  0.500 ch.:  0.158
 It.:    9 Obj.:   303.9208 Vol.:  0.500 ch.:  0.120
 It.:   10 Obj.:   297.8118 Vol.:  0.500 ch.:  0.138
 It.:   11 Obj.:   292.2218 Vol.:  0.500 ch.:  0.115
 It.:   12 Obj.:   287.5298 Vol.:  0.500 ch.:  0.124
 It.:   13 Obj.:   282.0805 Vol.:  0.500 ch.:  0.105
 It.:   14 Obj.:   275.9224 Vol.:  0.500 ch.:  0.120
 It.:   15 Obj.:   268.5414 Vol.:  0.500 ch.:  0.112
 It.:   16 Obj.:   260.9253 Vol.:  0.500 ch.:  0.128
 It.:   17 Obj.:   252.2222 Vol.:  0.500 ch.:  0.107
 It.:   18 Obj.:   244.3074 Vol.:  0.500 ch.:  0.125
 It.:   19 Obj.:   236.2743 Vol.:  0.500 ch.:  0.115
 It.:   20 Obj.:   229.8728 Vol.:  0.500 ch.:  0.083
 It.:   21 Obj.:   225.7734 Vol.:  0.500 ch.:  0.063
 It.:   22 Obj.:   223.7123 Vol.:  0.500 ch.:  0.042
 It.:   23 Obj.:   222.9820 Vol.:  0.500 ch.:  0.027
 It.:   24 Obj.:   222.8358 Vol.:  0.500 ch.:  0.026
 It.:   25 Obj.:   222.4377 Vol.:  0.500 ch.:  0.025
 It.:   26 Obj.:   222.2556 Vol.:  0.500 ch.:  0.025
 It.:   27 Obj.:   222.0828 Vol.:  0.500 ch.:  0.025
 It.:   28 Obj.:   221.9820 Vol.:  0.500 ch.:  0.025
 It.:   29 Obj.:   221.8908 Vol.:  0.500 ch.:  0.025
 It.:   30 Obj.:   221.8351 Vol.:  0.500 ch.:  0.024
 It.:   31 Obj.:   221.7801 Vol.:  0.500 ch.:  0.023
 It.:   32 Obj.:   221.7466 Vol.:  0.500 ch.:  0.022
 It.:   33 Obj.:   221.7173 Vol.:  0.500 ch.:  0.023
 It.:   34 Obj.:   221.4237 Vol.:  0.500 ch.:  0.022
 It.:   35 Obj.:   221.4396 Vol.:  0.500 ch.:  0.021
 It.:   36 Obj.:   221.6309 Vol.:  0.500 ch.:  0.023
 It.:   37 Obj.:   221.3052 Vol.:  0.500 ch.:  0.021
 It.:   38 Obj.:   221.3494 Vol.:  0.500 ch.:  0.021
 It.:   39 Obj.:   221.2473 Vol.:  0.500 ch.:  0.020
 It.:   40 Obj.:   221.2559 Vol.:  0.500 ch.:  0.020
 It.:   41 Obj.:   221.2166 Vol.:  0.500 ch.:  0.020
 It.:   42 Obj.:   221.2134 Vol.:  0.500 ch.:  0.020
 It.:   43 Obj.:   221.1775 Vol.:  0.500 ch.:  0.019
 It.:   44 Obj.:   221.1654 Vol.:  0.500 ch.:  0.018
 It.:   45 Obj.:   221.1376 Vol.:  0.500 ch.:  0.019
 It.:   46 Obj.:   220.8464 Vol.:  0.500 ch.:  0.018
 It.:   47 Obj.:   220.8513 Vol.:  0.500 ch.:  0.019
 It.:   48 Obj.:   221.0514 Vol.:  0.500 ch.:  0.019
 It.:   49 Obj.:   220.7450 Vol.:  0.500 ch.:  0.018
 It.:   50 Obj.:   220.7917 Vol.:  0.500 ch.:  0.017
 It.:   51 Obj.:   220.7106 Vol.:  0.500 ch.:  0.017
 It.:   52 Obj.:   220.7204 Vol.:  0.500 ch.:  0.016
 It.:   53 Obj.:   220.6751 Vol.:  0.500 ch.:  0.016
 It.:   54 Obj.:   220.6725 Vol.:  0.500 ch.:  0.016
 It.:   55 Obj.:   220.6411 Vol.:  0.500 ch.:  0.015
 It.:   56 Obj.:   220.6295 Vol.:  0.500 ch.:  0.016
 It.:   57 Obj.:   220.6103 Vol.:  0.500 ch.:  0.016
 It.:   58 Obj.:   220.5994 Vol.:  0.500 ch.:  0.016
 It.:   59 Obj.:   220.5811 Vol.:  0.500 ch.:  0.015
 It.:   60 Obj.:   220.5667 Vol.:  0.500 ch.:  0.015
 It.:   61 Obj.:   220.5467 Vol.:  0.500 ch.:  0.016
 It.:   62 Obj.:   220.2573 Vol.:  0.500 ch.:  0.014
 It.:   63 Obj.:   220.2687 Vol.:  0.500 ch.:  0.015
 It.:   64 Obj.:   220.4730 Vol.:  0.500 ch.:  0.015
 It.:   65 Obj.:   220.1615 Vol.:  0.500 ch.:  0.014
 It.:   66 Obj.:   220.2096 Vol.:  0.500 ch.:  0.015
 It.:   67 Obj.:   220.1353 Vol.:  0.500 ch.:  0.014
 It.:   68 Obj.:   220.1449 Vol.:  0.500 ch.:  0.014
 It.:   69 Obj.:   220.1063 Vol.:  0.500 ch.:  0.014
 It.:   70 Obj.:   220.1024 Vol.:  0.500 ch.:  0.013
 It.:   71 Obj.:   220.0734 Vol.:  0.500 ch.:  0.013
 It.:   72 Obj.:   220.0651 Vol.:  0.500 ch.:  0.013
 It.:   73 Obj.:   220.0450 Vol.:  0.500 ch.:  0.012
 It.:   74 Obj.:   220.0316 Vol.:  0.500 ch.:  0.012
 It.:   75 Obj.:   220.0133 Vol.:  0.500 ch.:  0.012
 It.:   76 Obj.:   220.0021 Vol.:  0.500 ch.:  0.013
 It.:   77 Obj.:   219.9891 Vol.:  0.500 ch.:  0.013
 It.:   78 Obj.:   219.9764 Vol.:  0.500 ch.:  0.013
 It.:   79 Obj.:   219.9614 Vol.:  0.500 ch.:  0.012
 It.:   80 Obj.:   219.9470 Vol.:  0.500 ch.:  0.012
 It.:   81 Obj.:   219.9343 Vol.:  0.500 ch.:  0.012
 It.:   82 Obj.:   219.9215 Vol.:  0.500 ch.:  0.011
 It.:   83 Obj.:   219.9062 Vol.:  0.500 ch.:  0.011
 It.:   84 Obj.:   219.8919 Vol.:  0.500 ch.:  0.011
 It.:   85 Obj.:   219.8789 Vol.:  0.500 ch.:  0.011
 It.:   86 Obj.:   219.8681 Vol.:  0.500 ch.:  0.011
 It.:   87 Obj.:   219.8558 Vol.:  0.500 ch.:  0.012
 It.:   88 Obj.:   219.5697 Vol.:  0.500 ch.:  0.012
 It.:   89 Obj.:   219.8606 Vol.:  0.500 ch.:  0.011
 It.:   90 Obj.:   219.7691 Vol.:  0.500 ch.:  0.012
 It.:   91 Obj.:   219.5504 Vol.:  0.500 ch.:  0.011
 It.:   92 Obj.:   219.5391 Vol.:  0.500 ch.:  0.011
 It.:   93 Obj.:   219.7778 Vol.:  0.500 ch.:  0.010
 It.:   94 Obj.:   219.7390 Vol.:  0.500 ch.:  0.012
 It.:   95 Obj.:   219.5199 Vol.:  0.500 ch.:  0.010
 It.:    1 Obj.:  1052.1190 Vol.:  0.500 ch.:  0.200
 It.:    2 Obj.:   604.0894 Vol.:  0.500 ch.:  0.200
 It.:    3 Obj.:   430.8997 Vol.:  0.500 ch.:  0.200
 It.:    4 Obj.:   366.8815 Vol.:  0.500 ch.:  0.200
 It.:    5 Obj.:   348.4165 Vol.:  0.500 ch.:  0.148
 It.:    6 Obj.:   339.5491 Vol.:  0.500 ch.:  0.144
 It.:    7 Obj.:   333.5542 Vol.:  0.500 ch.:  0.108
 It.:    8 Obj.:   328.5033 Vol.:  0.500 ch.:  0.115
 It.:    9 Obj.:   323.1400 Vol.:  0.500 ch.:  0.089
 It.:   10 Obj.:   318.7799 Vol.:  0.500 ch.:  0.094
 It.:   11 Obj.:   314.4244 Vol.:  0.500 ch.:  0.078
 It.:   12 Obj.:   310.9531 Vol.:  0.500 ch.:  0.078
 It.:   13 Obj.:   307.2673 Vol.:  0.500 ch.:  0.068
 It.:   14 Obj.:   304.3153 Vol.:  0.500 ch.:  0.068
 It.:   15 Obj.:   300.8853 Vol.:  0.500 ch.:  0.059
 It.:   16 Obj.:   297.3617 Vol.:  0.500 ch.:  0.063
 It.:   17 Obj.:   293.1991 Vol.:  0.500 ch.:  0.058
 It.:   18 Obj.:   288.8089 Vol.:  0.500 ch.:  0.064
 It.:   19 Obj.:   283.7308 Vol.:  0.500 ch.:  0.060
 It.:   20 Obj.:   277.6877 Vol.:  0.500 ch.:  0.064
 It.:   21 Obj.:   271.4649 Vol.:  0.500 ch.:  0.052
 It.:   22 Obj.:   265.4178 Vol.:  0.500 ch.:  0.055
 It.:   23 Obj.:   259.6841 Vol.:  0.500 ch.:  0.043
 It.:   24 Obj.:   255.8288 Vol.:  0.500 ch.:  0.034
 It.:   25 Obj.:   253.0687 Vol.:  0.500 ch.:  0.024
 It.:   26 Obj.:   251.8774 Vol.:  0.500 ch.:  0.024
 It.:   27 Obj.:   250.9146 Vol.:  0.500 ch.:  0.021
 It.:   28 Obj.:   249.9483 Vol.:  0.500 ch.:  0.021
 It.:   29 Obj.:   249.4627 Vol.:  0.500 ch.:  0.020
 It.:   30 Obj.:   248.9283 Vol.:  0.500 ch.:  0.020
 It.:   31 Obj.:   248.8940 Vol.:  0.500 ch.:  0.018
 It.:   32 Obj.:   248.2499 Vol.:  0.500 ch.:  0.018
 It.:   33 Obj.:   248.4579 Vol.:  0.500 ch.:  0.018
 It.:   34 Obj.:   248.1434 Vol.:  0.500 ch.:  0.018
 It.:   35 Obj.:   247.7825 Vol.:  0.500 ch.:  0.018
 It.:   36 Obj.:   247.8886 Vol.:  0.500 ch.:  0.018
 It.:   37 Obj.:   247.6378 Vol.:  0.500 ch.:  0.016
 It.:   38 Obj.:   247.3180 Vol.:  0.500 ch.:  0.016
 It.:   39 Obj.:   247.3442 Vol.:  0.500 ch.:  0.016
 It.:   40 Obj.:   247.2397 Vol.:  0.500 ch.:  0.016
 It.:   41 Obj.:   247.2090 Vol.:  0.500 ch.:  0.015
 It.:   42 Obj.:   247.1814 Vol.:  0.500 ch.:  0.015
 It.:   43 Obj.:   247.1085 Vol.:  0.500 ch.:  0.015
 It.:   44 Obj.:   247.1271 Vol.:  0.500 ch.:  0.014
 It.:   45 Obj.:   247.0226 Vol.:  0.500 ch.:  0.014
 It.:   46 Obj.:   247.0732 Vol.:  0.500 ch.:  0.014
 It.:   47 Obj.:   246.9447 Vol.:  0.500 ch.:  0.013
 It.:   48 Obj.:   246.5523 Vol.:  0.500 ch.:  0.013
 It.:   49 Obj.:   246.6814 Vol.:  0.500 ch.:  0.012
 It.:   50 Obj.:   246.4942 Vol.:  0.500 ch.:  0.012
 It.:   51 Obj.:   246.5682 Vol.:  0.500 ch.:  0.012
 It.:   52 Obj.:   246.4506 Vol.:  0.500 ch.:  0.012
 It.:   53 Obj.:   246.4875 Vol.:  0.500 ch.:  0.012
 It.:   54 Obj.:   246.4110 Vol.:  0.500 ch.:  0.011
 It.:   55 Obj.:   246.4192 Vol.:  0.500 ch.:  0.011
 It.:   56 Obj.:   246.3713 Vol.:  0.500 ch.:  0.011
 It.:   57 Obj.:   246.3583 Vol.:  0.500 ch.:  0.011
 It.:   58 Obj.:   246.3316 Vol.:  0.500 ch.:  0.011
 It.:   59 Obj.:   246.3023 Vol.:  0.500 ch.:  0.010
 It.:   60 Obj.:   245.8294 Vol.:  0.500 ch.:  0.010
 It.:   61 Obj.:   246.0584 Vol.:  0.500 ch.:  0.010
 It.:    1 Obj.:  1007.0221 Vol.:  0.500 ch.:  0.200
 It.:    2 Obj.:   579.2263 Vol.:  0.500 ch.:  0.200
 It.:    3 Obj.:   420.1238 Vol.:  0.500 ch.:  0.200
 It.:    4 Obj.:   359.0018 Vol.:  0.500 ch.:  0.200
 It.:    5 Obj.:   342.3639 Vol.:  0.500 ch.:  0.138
 It.:    6 Obj.:   331.9064 Vol.:  0.500 ch.:  0.190
 It.:    7 Obj.:   324.6027 Vol.:  0.500 ch.:  0.141
 It.:    8 Obj.:   317.8026 Vol.:  0.500 ch.:  0.159
 It.:    9 Obj.:   312.2495 Vol.:  0.500 ch.:  0.117
 It.:   10 Obj.:   306.3467 Vol.:  0.500 ch.:  0.131
 It.:   11 Obj.:   300.8607 Vol.:  0.500 ch.:  0.140
 It.:   12 Obj.:   295.9582 Vol.:  0.500 ch.:  0.137
 It.:   13 Obj.:   291.0071 Vol.:  0.500 ch.:  0.145
 It.:   14 Obj.:   286.2759 Vol.:  0.500 ch.:  0.149
 It.:   15 Obj.:   281.2681 Vol.:  0.500 ch.:  0.164
 It.:   16 Obj.:   276.0054 Vol.:  0.500 ch.:  0.179
 It.:   17 Obj.:   270.7700 Vol.:  0.500 ch.:  0.200
 It.:   18 Obj.:   266.0847 Vol.:  0.500 ch.:  0.200
 It.:   19 Obj.:   262.1910 Vol.:  0.500 ch.:  0.200
 It.:   20 Obj.:   258.6177 Vol.:  0.500 ch.:  0.200
 It.:   21 Obj.:   255.2429 Vol.:  0.500 ch.:  0.200
 It.:   22 Obj.:   251.9934 Vol.:  0.500 ch.:  0.200
 It.:   23 Obj.:   248.7171 Vol.:  0.500 ch.:  0.198
 It.:   24 Obj.:   245.5654 Vol.:  0.500 ch.:  0.190
 It.:   25 Obj.:   242.8823 Vol.:  0.500 ch.:  0.165
 It.:   26 Obj.:   241.1228 Vol.:  0.500 ch.:  0.142
 It.:   27 Obj.:   240.1640 Vol.:  0.500 ch.:  0.125
 It.:   28 Obj.:   239.5376 Vol.:  0.500 ch.:  0.085
 It.:   29 Obj.:   239.0198 Vol.:  0.500 ch.:  0.079
 It.:   30 Obj.:   238.6769 Vol.:  0.500 ch.:  0.077
 It.:   31 Obj.:   238.3589 Vol.:  0.500 ch.:  0.073
 It.:   32 Obj.:   238.1396 Vol.:  0.500 ch.:  0.069
 It.:   33 Obj.:   237.9294 Vol.:  0.500 ch.:  0.064
 It.:   34 Obj.:   237.7950 Vol.:  0.500 ch.:  0.061
 It.:   35 Obj.:   237.6441 Vol.:  0.500 ch.:  0.056
 It.:   36 Obj.:   237.5140 Vol.:  0.500 ch.:  0.055
 It.:   37 Obj.:   237.4102 Vol.:  0.500 ch.:  0.054
 It.:   38 Obj.:   237.3264 Vol.:  0.500 ch.:  0.053
 It.:   39 Obj.:   237.2508 Vol.:  0.500 ch.:  0.053
 It.:   40 Obj.:   237.1550 Vol.:  0.500 ch.:  0.048
 It.:   41 Obj.:   237.1386 Vol.:  0.500 ch.:  0.047
 It.:   42 Obj.:   237.0611 Vol.:  0.500 ch.:  0.043
 It.:   43 Obj.:   237.0109 Vol.:  0.500 ch.:  0.038
 It.:   44 Obj.:   236.9782 Vol.:  0.500 ch.:  0.038
 It.:   45 Obj.:   236.9172 Vol.:  0.500 ch.:  0.034
 It.:   46 Obj.:   236.8978 Vol.:  0.500 ch.:  0.032
 It.:   47 Obj.:   236.8614 Vol.:  0.500 ch.:  0.032
 It.:   48 Obj.:   236.8137 Vol.:  0.500 ch.:  0.033
 It.:   49 Obj.:   236.7595 Vol.:  0.500 ch.:  0.032
 It.:   50 Obj.:   236.7379 Vol.:  0.500 ch.:  0.032
 It.:   51 Obj.:   236.7056 Vol.:  0.500 ch.:  0.033
 It.:   52 Obj.:   236.6529 Vol.:  0.500 ch.:  0.033
 It.:   53 Obj.:   236.6188 Vol.:  0.500 ch.:  0.034
 It.:   54 Obj.:   236.5516 Vol.:  0.500 ch.:  0.032
 It.:   55 Obj.:   236.5350 Vol.:  0.500 ch.:  0.033
 It.:   56 Obj.:   236.4688 Vol.:  0.500 ch.:  0.033
 It.:   57 Obj.:   236.4085 Vol.:  0.500 ch.:  0.034
 It.:   58 Obj.:   236.3565 Vol.:  0.500 ch.:  0.039
 It.:   59 Obj.:   236.3251 Vol.:  0.500 ch.:  0.046
 It.:   60 Obj.:   236.2323 Vol.:  0.500 ch.:  0.053
 It.:   61 Obj.:   236.1788 Vol.:  0.500 ch.:  0.060
 It.:   62 Obj.:   236.0715 Vol.:  0.500 ch.:  0.067
 It.:   63 Obj.:   235.9868 Vol.:  0.500 ch.:  0.074
 It.:   64 Obj.:   235.8672 Vol.:  0.500 ch.:  0.079
 It.:   65 Obj.:   235.7543 Vol.:  0.500 ch.:  0.082
 It.:   66 Obj.:   235.6402 Vol.:  0.500 ch.:  0.086
 It.:   67 Obj.:   235.4978 Vol.:  0.500 ch.:  0.089
 It.:   68 Obj.:   235.3772 Vol.:  0.500 ch.:  0.089
 It.:   69 Obj.:   235.2857 Vol.:  0.500 ch.:  0.088
 It.:   70 Obj.:   235.1569 Vol.:  0.500 ch.:  0.073
 It.:   71 Obj.:   235.0928 Vol.:  0.500 ch.:  0.083
 It.:   72 Obj.:   235.0400 Vol.:  0.500 ch.:  0.085
 It.:   73 Obj.:   235.0099 Vol.:  0.500 ch.:  0.034
 It.:   74 Obj.:   234.9902 Vol.:  0.500 ch.:  0.034
 It.:   75 Obj.:   234.9872 Vol.:  0.500 ch.:  0.035
 It.:   76 Obj.:   234.9523 Vol.:  0.500 ch.:  0.035
 It.:   77 Obj.:   234.9309 Vol.:  0.500 ch.:  0.035
 It.:   78 Obj.:   234.9174 Vol.:  0.500 ch.:  0.036
 It.:   79 Obj.:   234.8793 Vol.:  0.500 ch.:  0.037
 It.:   80 Obj.:   234.8921 Vol.:  0.500 ch.:  0.039
 It.:   81 Obj.:   234.8474 Vol.:  0.500 ch.:  0.040
 It.:   82 Obj.:   234.8299 Vol.:  0.500 ch.:  0.039
 It.:   83 Obj.:   234.8195 Vol.:  0.500 ch.:  0.039
 It.:   84 Obj.:   234.8136 Vol.:  0.500 ch.:  0.038
 It.:   85 Obj.:   234.8103 Vol.:  0.500 ch.:  0.038
 It.:   86 Obj.:   234.7765 Vol.:  0.500 ch.:  0.035
 It.:   87 Obj.:   234.7818 Vol.:  0.500 ch.:  0.034
 It.:   88 Obj.:   234.7523 Vol.:  0.500 ch.:  0.033
 It.:   89 Obj.:   234.7286 Vol.:  0.500 ch.:  0.032
 It.:   90 Obj.:   234.7078 Vol.:  0.500 ch.:  0.034
 It.:   91 Obj.:   234.6940 Vol.:  0.500 ch.:  0.037
 It.:   92 Obj.:   234.6809 Vol.:  0.500 ch.:  0.042
 It.:   93 Obj.:   234.6342 Vol.:  0.500 ch.:  0.045
 It.:   94 Obj.:   234.6089 Vol.:  0.500 ch.:  0.049
 It.:   95 Obj.:   234.5707 Vol.:  0.500 ch.:  0.052
 It.:   96 Obj.:   234.5422 Vol.:  0.500 ch.:  0.054
 It.:   97 Obj.:   234.5232 Vol.:  0.500 ch.:  0.058
 It.:   98 Obj.:   234.4761 Vol.:  0.500 ch.:  0.059
 It.:   99 Obj.:   234.4317 Vol.:  0.500 ch.:  0.061
 It.:  100 Obj.:   234.3831 Vol.:  0.500 ch.:  0.064
 It.:  101 Obj.:   234.3517 Vol.:  0.500 ch.:  0.067
 It.:  102 Obj.:   234.3101 Vol.:  0.500 ch.:  0.045
 It.:  103 Obj.:   234.2794 Vol.:  0.500 ch.:  0.053
 It.:  104 Obj.:   234.2354 Vol.:  0.500 ch.:  0.059
 It.:  105 Obj.:   234.2153 Vol.:  0.500 ch.:  0.066
 It.:  106 Obj.:   234.1697 Vol.:  0.500 ch.:  0.068
 It.:  107 Obj.:   234.1541 Vol.:  0.500 ch.:  0.074
 It.:  108 Obj.:   234.1169 Vol.:  0.500 ch.:  0.075
 It.:  109 Obj.:   234.0897 Vol.:  0.500 ch.:  0.074
 It.:  110 Obj.:   234.0649 Vol.:  0.500 ch.:  0.041
 It.:  111 Obj.:   234.0360 Vol.:  0.500 ch.:  0.045
 It.:  112 Obj.:   234.0126 Vol.:  0.500 ch.:  0.048
 It.:  113 Obj.:   233.9872 Vol.:  0.500 ch.:  0.049
 It.:  114 Obj.:   233.9795 Vol.:  0.500 ch.:  0.051
 It.:  115 Obj.:   233.9582 Vol.:  0.500 ch.:  0.052
 It.:  116 Obj.:   233.9384 Vol.:  0.500 ch.:  0.052
 It.:  117 Obj.:   233.9195 Vol.:  0.500 ch.:  0.052
 It.:  118 Obj.:   233.9015 Vol.:  0.500 ch.:  0.050
 It.:  119 Obj.:   233.8974 Vol.:  0.500 ch.:  0.050
 It.:  120 Obj.:   233.8787 Vol.:  0.500 ch.:  0.049
 It.:  121 Obj.:   233.8609 Vol.:  0.500 ch.:  0.045
 It.:  122 Obj.:   233.8573 Vol.:  0.500 ch.:  0.029
 It.:  123 Obj.:   233.8471 Vol.:  0.500 ch.:  0.030
 It.:  124 Obj.:   233.8334 Vol.:  0.500 ch.:  0.030
 It.:  125 Obj.:   233.8217 Vol.:  0.500 ch.:  0.030
 It.:  126 Obj.:   233.8114 Vol.:  0.500 ch.:  0.030
 It.:  127 Obj.:   233.8020 Vol.:  0.500 ch.:  0.030
 It.:  128 Obj.:   233.7931 Vol.:  0.500 ch.:  0.028
 It.:  129 Obj.:   233.7973 Vol.:  0.500 ch.:  0.028
 It.:  130 Obj.:   233.7874 Vol.:  0.500 ch.:  0.027
 It.:  131 Obj.:   233.7786 Vol.:  0.500 ch.:  0.026
 It.:  132 Obj.:   233.7706 Vol.:  0.500 ch.:  0.025
 It.:  133 Obj.:   233.7632 Vol.:  0.500 ch.:  0.024
 It.:  134 Obj.:   233.7562 Vol.:  0.500 ch.:  0.023
 It.:  135 Obj.:   233.7495 Vol.:  0.500 ch.:  0.020
 It.:  136 Obj.:   233.7560 Vol.:  0.500 ch.:  0.020
 It.:  137 Obj.:   233.7473 Vol.:  0.500 ch.:  0.019
 It.:  138 Obj.:   233.7398 Vol.:  0.500 ch.:  0.018
 It.:  139 Obj.:   233.7331 Vol.:  0.500 ch.:  0.017
 It.:  140 Obj.:   233.7271 Vol.:  0.500 ch.:  0.014
 It.:  141 Obj.:   233.7348 Vol.:  0.500 ch.:  0.015
 It.:  142 Obj.:   233.7271 Vol.:  0.500 ch.:  0.014
 It.:  143 Obj.:   233.7205 Vol.:  0.500 ch.:  0.013
 It.:  144 Obj.:   233.7146 Vol.:  0.500 ch.:  0.010
 It.:    1 Obj.:  1033.0446 Vol.:  0.500 ch.:  0.200
 It.:    2 Obj.:   587.9334 Vol.:  0.500 ch.:  0.200
 It.:    3 Obj.:   424.1103 Vol.:  0.500 ch.:  0.200
 It.:    4 Obj.:   360.9916 Vol.:  0.500 ch.:  0.200
 It.:    5 Obj.:   344.5116 Vol.:  0.500 ch.:  0.144
 It.:    6 Obj.:   333.5695 Vol.:  0.500 ch.:  0.195
 It.:    7 Obj.:   326.5276 Vol.:  0.500 ch.:  0.142
 It.:    8 Obj.:   320.2492 Vol.:  0.500 ch.:  0.167
 It.:    9 Obj.:   315.0869 Vol.:  0.500 ch.:  0.119
 It.:   10 Obj.:   309.7348 Vol.:  0.500 ch.:  0.169
 It.:   11 Obj.:   304.0283 Vol.:  0.500 ch.:  0.138
 It.:   12 Obj.:   299.4359 Vol.:  0.500 ch.:  0.149
 It.:   13 Obj.:   294.8273 Vol.:  0.500 ch.:  0.159
 It.:   14 Obj.:   290.7700 Vol.:  0.500 ch.:  0.172
 It.:   15 Obj.:   286.0804 Vol.:  0.500 ch.:  0.180
 It.:   16 Obj.:   281.3453 Vol.:  0.500 ch.:  0.193
 It.:   17 Obj.:   276.5079 Vol.:  0.500 ch.:  0.200
 It.:   18 Obj.:   272.2440 Vol.:  0.500 ch.:  0.200
 It.:   19 Obj.:   268.0988 Vol.:  0.500 ch.:  0.200
 It.:   20 Obj.:   264.2290 Vol.:  0.500 ch.:  0.200
 It.:   21 Obj.:   260.6457 Vol.:  0.500 ch.:  0.200
 It.:   22 Obj.:   257.3300 Vol.:  0.500 ch.:  0.200
 It.:   23 Obj.:   254.0211 Vol.:  0.500 ch.:  0.200
 It.:   24 Obj.:   250.7303 Vol.:  0.500 ch.:  0.200
 It.:   25 Obj.:   247.5824 Vol.:  0.500 ch.:  0.200
 It.:   26 Obj.:   245.0848 Vol.:  0.500 ch.:  0.162
 It.:   27 Obj.:   243.3572 Vol.:  0.500 ch.:  0.140
 It.:   28 Obj.:   242.1808 Vol.:  0.500 ch.:  0.164
 It.:   29 Obj.:   241.4349 Vol.:  0.500 ch.:  0.131
 It.:   30 Obj.:   240.7926 Vol.:  0.500 ch.:  0.150
 It.:   31 Obj.:   240.2134 Vol.:  0.500 ch.:  0.169
 It.:   32 Obj.:   239.7485 Vol.:  0.500 ch.:  0.191
 It.:   33 Obj.:   239.2818 Vol.:  0.500 ch.:  0.200
 It.:   34 Obj.:   238.8973 Vol.:  0.500 ch.:  0.200
 It.:   35 Obj.:   238.6256 Vol.:  0.500 ch.:  0.096
 It.:   36 Obj.:   238.4609 Vol.:  0.500 ch.:  0.097
 It.:   37 Obj.:   238.3162 Vol.:  0.500 ch.:  0.107
 It.:   38 Obj.:   238.1970 Vol.:  0.500 ch.:  0.092
 It.:   39 Obj.:   238.0905 Vol.:  0.500 ch.:  0.083
 It.:   40 Obj.:   237.9949 Vol.:  0.500 ch.:  0.091
 It.:   41 Obj.:   237.9211 Vol.:  0.500 ch.:  0.077
 It.:   42 Obj.:   237.8481 Vol.:  0.500 ch.:  0.070
 It.:   43 Obj.:   237.7732 Vol.:  0.500 ch.:  0.066
 It.:   44 Obj.:   237.7122 Vol.:  0.500 ch.:  0.071
 It.:   45 Obj.:   237.6709 Vol.:  0.500 ch.:  0.061
 It.:   46 Obj.:   237.6164 Vol.:  0.500 ch.:  0.057
 It.:   47 Obj.:   237.5836 Vol.:  0.500 ch.:  0.060
 It.:   48 Obj.:   237.5529 Vol.:  0.500 ch.:  0.055
 It.:   49 Obj.:   237.5106 Vol.:  0.500 ch.:  0.059
 It.:   50 Obj.:   237.4782 Vol.:  0.500 ch.:  0.063
 It.:   51 Obj.:   237.4476 Vol.:  0.500 ch.:  0.044
 It.:   52 Obj.:   237.4370 Vol.:  0.500 ch.:  0.048
 It.:   53 Obj.:   237.3997 Vol.:  0.500 ch.:  0.049
 It.:   54 Obj.:   237.3871 Vol.:  0.500 ch.:  0.053
 It.:   55 Obj.:   237.3494 Vol.:  0.500 ch.:  0.054
 It.:   56 Obj.:   237.3324 Vol.:  0.500 ch.:  0.049
 It.:   57 Obj.:   237.3154 Vol.:  0.500 ch.:  0.043
 It.:   58 Obj.:   237.2963 Vol.:  0.500 ch.:  0.046
 It.:   59 Obj.:   237.2758 Vol.:  0.500 ch.:  0.049
 It.:   60 Obj.:   237.2550 Vol.:  0.500 ch.:  0.053
 It.:   61 Obj.:   237.2350 Vol.:  0.500 ch.:  0.056
 It.:   62 Obj.:   237.2125 Vol.:  0.500 ch.:  0.060
 It.:   63 Obj.:   237.1867 Vol.:  0.500 ch.:  0.063
 It.:   64 Obj.:   237.1817 Vol.:  0.500 ch.:  0.056
 It.:   65 Obj.:   237.1515 Vol.:  0.500 ch.:  0.039
 It.:   66 Obj.:   237.1392 Vol.:  0.500 ch.:  0.042
 It.:   67 Obj.:   237.1269 Vol.:  0.500 ch.:  0.045
 It.:   68 Obj.:   237.1108 Vol.:  0.500 ch.:  0.047
 It.:   69 Obj.:   237.0888 Vol.:  0.500 ch.:  0.049
 It.:   70 Obj.:   237.0842 Vol.:  0.500 ch.:  0.042
 It.:   71 Obj.:   237.0599 Vol.:  0.500 ch.:  0.043
 It.:   72 Obj.:   237.0496 Vol.:  0.500 ch.:  0.042
 It.:   73 Obj.:   237.0365 Vol.:  0.500 ch.:  0.046
 It.:   74 Obj.:   237.0192 Vol.:  0.500 ch.:  0.049
 It.:   75 Obj.:   236.9995 Vol.:  0.500 ch.:  0.053
 It.:   76 Obj.:   236.9774 Vol.:  0.500 ch.:  0.049
 It.:   77 Obj.:   236.9740 Vol.:  0.500 ch.:  0.052
 It.:   78 Obj.:   236.9518 Vol.:  0.500 ch.:  0.053
 It.:   79 Obj.:   236.9449 Vol.:  0.500 ch.:  0.056
 It.:   80 Obj.:   236.9199 Vol.:  0.500 ch.:  0.056
 It.:   81 Obj.:   236.9133 Vol.:  0.500 ch.:  0.060
 It.:   82 Obj.:   236.8887 Vol.:  0.500 ch.:  0.060
 It.:   83 Obj.:   236.8876 Vol.:  0.500 ch.:  0.063
 It.:   84 Obj.:   236.8731 Vol.:  0.500 ch.:  0.057
 It.:   85 Obj.:   236.8617 Vol.:  0.500 ch.:  0.062
 It.:   86 Obj.:   236.8386 Vol.:  0.500 ch.:  0.064
 It.:   87 Obj.:   236.8322 Vol.:  0.500 ch.:  0.068
 It.:   88 Obj.:   236.8269 Vol.:  0.500 ch.:  0.053
 It.:   89 Obj.:   236.8070 Vol.:  0.500 ch.:  0.055
 It.:   90 Obj.:   236.8031 Vol.:  0.500 ch.:  0.059
 It.:   91 Obj.:   236.7815 Vol.:  0.500 ch.:  0.061
 It.:   92 Obj.:   236.7775 Vol.:  0.500 ch.:  0.066
 It.:   93 Obj.:   236.7570 Vol.:  0.500 ch.:  0.052
 It.:   94 Obj.:   236.7545 Vol.:  0.500 ch.:  0.056
 It.:   95 Obj.:   236.7477 Vol.:  0.500 ch.:  0.060
 It.:   96 Obj.:   236.7355 Vol.:  0.500 ch.:  0.046
 It.:   97 Obj.:   236.7225 Vol.:  0.500 ch.:  0.049
 It.:   98 Obj.:   236.7046 Vol.:  0.500 ch.:  0.051
 It.:   99 Obj.:   236.6960 Vol.:  0.500 ch.:  0.054
 It.:  100 Obj.:   236.6798 Vol.:  0.500 ch.:  0.046
 It.:  101 Obj.:   236.6760 Vol.:  0.500 ch.:  0.040
 It.:  102 Obj.:   236.6519 Vol.:  0.500 ch.:  0.041
 It.:  103 Obj.:   236.6524 Vol.:  0.500 ch.:  0.045
 It.:  104 Obj.:   236.6266 Vol.:  0.500 ch.:  0.047
 It.:  105 Obj.:   236.6252 Vol.:  0.500 ch.:  0.052
 It.:  106 Obj.:   236.5979 Vol.:  0.500 ch.:  0.054
 It.:  107 Obj.:   236.5942 Vol.:  0.500 ch.:  0.057
 It.:  108 Obj.:   236.5794 Vol.:  0.500 ch.:  0.061
 It.:  109 Obj.:   236.5549 Vol.:  0.500 ch.:  0.063
 It.:  110 Obj.:   236.5368 Vol.:  0.500 ch.:  0.065
 It.:  111 Obj.:   236.5229 Vol.:  0.500 ch.:  0.067
 It.:  112 Obj.:   236.5124 Vol.:  0.500 ch.:  0.058
 It.:  113 Obj.:   236.4936 Vol.:  0.500 ch.:  0.059
 It.:  114 Obj.:   236.4814 Vol.:  0.500 ch.:  0.060
 It.:  115 Obj.:   236.4605 Vol.:  0.500 ch.:  0.063
 It.:  116 Obj.:   236.4459 Vol.:  0.500 ch.:  0.057
 It.:  117 Obj.:   236.4302 Vol.:  0.500 ch.:  0.059
 It.:  118 Obj.:   236.4149 Vol.:  0.500 ch.:  0.059
 It.:  119 Obj.:   236.3970 Vol.:  0.500 ch.:  0.059
 It.:  120 Obj.:   236.3855 Vol.:  0.500 ch.:  0.061
 It.:  121 Obj.:   236.3683 Vol.:  0.500 ch.:  0.061
 It.:  122 Obj.:   236.3627 Vol.:  0.500 ch.:  0.058
 It.:  123 Obj.:   236.3621 Vol.:  0.500 ch.:  0.059
 It.:  124 Obj.:   236.3532 Vol.:  0.500 ch.:  0.050
 It.:  125 Obj.:   236.3515 Vol.:  0.500 ch.:  0.052
 It.:  126 Obj.:   236.3504 Vol.:  0.500 ch.:  0.056
 It.:  127 Obj.:   236.3383 Vol.:  0.500 ch.:  0.052
 It.:  128 Obj.:   236.3300 Vol.:  0.500 ch.:  0.027
 It.:  129 Obj.:   236.3309 Vol.:  0.500 ch.:  0.029
 It.:  130 Obj.:   236.3325 Vol.:  0.500 ch.:  0.031
 It.:  131 Obj.:   236.3221 Vol.:  0.500 ch.:  0.033
 It.:  132 Obj.:   236.3258 Vol.:  0.500 ch.:  0.035
 It.:  133 Obj.:   236.3187 Vol.:  0.500 ch.:  0.038
 It.:  134 Obj.:   236.3130 Vol.:  0.500 ch.:  0.040
 It.:  135 Obj.:   236.3081 Vol.:  0.500 ch.:  0.043
 It.:  136 Obj.:   236.3043 Vol.:  0.500 ch.:  0.045
 It.:  137 Obj.:   236.3027 Vol.:  0.500 ch.:  0.048
 It.:  138 Obj.:   236.3016 Vol.:  0.500 ch.:  0.050
 It.:  139 Obj.:   236.3005 Vol.:  0.500 ch.:  0.054
 It.:  140 Obj.:   236.2875 Vol.:  0.500 ch.:  0.056
 It.:  141 Obj.:   236.2874 Vol.:  0.500 ch.:  0.045
 It.:  142 Obj.:   236.2897 Vol.:  0.500 ch.:  0.028
 It.:  143 Obj.:   236.2864 Vol.:  0.500 ch.:  0.029
 It.:  144 Obj.:   236.2849 Vol.:  0.500 ch.:  0.031
 It.:  145 Obj.:   236.2743 Vol.:  0.500 ch.:  0.031
 It.:  146 Obj.:   236.2771 Vol.:  0.500 ch.:  0.033
 It.:  147 Obj.:   236.2688 Vol.:  0.500 ch.:  0.033
 It.:  148 Obj.:   236.2731 Vol.:  0.500 ch.:  0.035
 It.:  149 Obj.:   236.2669 Vol.:  0.500 ch.:  0.035
 It.:  150 Obj.:   236.2725 Vol.:  0.500 ch.:  0.037
 It.:  151 Obj.:   236.2670 Vol.:  0.500 ch.:  0.038
 It.:  152 Obj.:   236.2616 Vol.:  0.500 ch.:  0.028
 It.:  153 Obj.:   236.2578 Vol.:  0.500 ch.:  0.029
 It.:  154 Obj.:   236.2560 Vol.:  0.500 ch.:  0.031
 It.:  155 Obj.:   236.2540 Vol.:  0.500 ch.:  0.032
 It.:  156 Obj.:   236.2519 Vol.:  0.500 ch.:  0.034
 It.:  157 Obj.:   236.2495 Vol.:  0.500 ch.:  0.035
 It.:  158 Obj.:   236.2468 Vol.:  0.500 ch.:  0.037
 It.:  159 Obj.:   236.2438 Vol.:  0.500 ch.:  0.038
 It.:  160 Obj.:   236.2508 Vol.:  0.500 ch.:  0.040
 It.:  161 Obj.:   236.2464 Vol.:  0.500 ch.:  0.042
 It.:  162 Obj.:   236.2427 Vol.:  0.500 ch.:  0.044
 It.:  163 Obj.:   236.2399 Vol.:  0.500 ch.:  0.046
 It.:  164 Obj.:   236.2368 Vol.:  0.500 ch.:  0.048
 It.:  165 Obj.:   236.2349 Vol.:  0.500 ch.:  0.027
 It.:  166 Obj.:   236.2375 Vol.:  0.500 ch.:  0.029
 It.:  167 Obj.:   236.2327 Vol.:  0.500 ch.:  0.029
 It.:  168 Obj.:   236.2284 Vol.:  0.500 ch.:  0.028
 It.:  169 Obj.:   236.2338 Vol.:  0.500 ch.:  0.017
 It.:  170 Obj.:   236.2310 Vol.:  0.500 ch.:  0.017
 It.:  171 Obj.:   236.2288 Vol.:  0.500 ch.:  0.019
 It.:  172 Obj.:   236.2267 Vol.:  0.500 ch.:  0.020
 It.:  173 Obj.:   236.2247 Vol.:  0.500 ch.:  0.021
 It.:  174 Obj.:   236.2226 Vol.:  0.500 ch.:  0.022
 It.:  175 Obj.:   236.2204 Vol.:  0.500 ch.:  0.023
 It.:  176 Obj.:   236.2187 Vol.:  0.500 ch.:  0.024
 It.:  177 Obj.:   236.2175 Vol.:  0.500 ch.:  0.026
 It.:  178 Obj.:   236.2159 Vol.:  0.500 ch.:  0.027
 It.:  179 Obj.:   236.2140 Vol.:  0.500 ch.:  0.029
 It.:  180 Obj.:   236.2125 Vol.:  0.500 ch.:  0.030
 It.:  181 Obj.:   236.2109 Vol.:  0.500 ch.:  0.032
 It.:  182 Obj.:   236.2088 Vol.:  0.500 ch.:  0.033
 It.:  183 Obj.:   236.2063 Vol.:  0.500 ch.:  0.035
 It.:  184 Obj.:   236.2033 Vol.:  0.500 ch.:  0.036
 It.:  185 Obj.:   236.2091 Vol.:  0.500 ch.:  0.038
 It.:  186 Obj.:   236.2043 Vol.:  0.500 ch.:  0.040
 It.:  187 Obj.:   236.1991 Vol.:  0.500 ch.:  0.041
 It.:  188 Obj.:   236.2029 Vol.:  0.500 ch.:  0.044
 It.:  189 Obj.:   236.1961 Vol.:  0.500 ch.:  0.044
 It.:  190 Obj.:   236.1983 Vol.:  0.500 ch.:  0.046
 It.:  191 Obj.:   236.1994 Vol.:  0.500 ch.:  0.050
 It.:  192 Obj.:   236.1902 Vol.:  0.500 ch.:  0.038
 It.:  193 Obj.:   236.1952 Vol.:  0.500 ch.:  0.024
 It.:  194 Obj.:   236.1860 Vol.:  0.500 ch.:  0.024
 It.:  195 Obj.:   236.1865 Vol.:  0.500 ch.:  0.025
 It.:  196 Obj.:   236.1869 Vol.:  0.500 ch.:  0.026
 It.:  197 Obj.:   236.1870 Vol.:  0.500 ch.:  0.027
 It.:  198 Obj.:   236.1870 Vol.:  0.500 ch.:  0.028
 It.:  199 Obj.:   236.1867 Vol.:  0.500 ch.:  0.029
 It.:  200 Obj.:   236.1862 Vol.:  0.500 ch.:  0.030
 It.:  201 Obj.:   236.1854 Vol.:  0.500 ch.:  0.031
 It.:  202 Obj.:   236.1844 Vol.:  0.500 ch.:  0.032
 It.:  203 Obj.:   236.1831 Vol.:  0.500 ch.:  0.033
 It.:  204 Obj.:   236.1817 Vol.:  0.500 ch.:  0.034
 It.:  205 Obj.:   236.1804 Vol.:  0.500 ch.:  0.035
 It.:  206 Obj.:   236.1794 Vol.:  0.500 ch.:  0.035
 It.:  207 Obj.:   236.1782 Vol.:  0.500 ch.:  0.036
 It.:  208 Obj.:   236.1767 Vol.:  0.500 ch.:  0.038
 It.:  209 Obj.:   236.1676 Vol.:  0.500 ch.:  0.033
 It.:  210 Obj.:   236.1686 Vol.:  0.500 ch.:  0.034
 It.:  211 Obj.:   236.1711 Vol.:  0.500 ch.:  0.036
 It.:  212 Obj.:   236.1656 Vol.:  0.500 ch.:  0.035
 It.:  213 Obj.:   236.1694 Vol.:  0.500 ch.:  0.018
 It.:  214 Obj.:   236.1660 Vol.:  0.500 ch.:  0.017
 It.:  215 Obj.:   236.1646 Vol.:  0.500 ch.:  0.017
 It.:  216 Obj.:   236.1636 Vol.:  0.500 ch.:  0.017
 It.:  217 Obj.:   236.1627 Vol.:  0.500 ch.:  0.017
 It.:  218 Obj.:   236.1618 Vol.:  0.500 ch.:  0.017
 It.:  219 Obj.:   236.1609 Vol.:  0.500 ch.:  0.017
 It.:  220 Obj.:   236.1599 Vol.:  0.500 ch.:  0.017
 It.:  221 Obj.:   236.1589 Vol.:  0.500 ch.:  0.012
 It.:  222 Obj.:   236.1586 Vol.:  0.500 ch.:  0.012
 It.:  223 Obj.:   236.1586 Vol.:  0.500 ch.:  0.013
 It.:  224 Obj.:   236.1584 Vol.:  0.500 ch.:  0.013
 It.:  225 Obj.:   236.1579 Vol.:  0.500 ch.:  0.014
 It.:  226 Obj.:   236.1573 Vol.:  0.500 ch.:  0.014
 It.:  227 Obj.:   236.1564 Vol.:  0.500 ch.:  0.015
 It.:  228 Obj.:   236.1551 Vol.:  0.500 ch.:  0.016
 It.:  229 Obj.:   236.1538 Vol.:  0.500 ch.:  0.016
 It.:  230 Obj.:   236.1527 Vol.:  0.500 ch.:  0.017
 It.:  231 Obj.:   236.1512 Vol.:  0.500 ch.:  0.018
 It.:  232 Obj.:   236.1493 Vol.:  0.500 ch.:  0.019
 It.:  233 Obj.:   236.1470 Vol.:  0.500 ch.:  0.019
 It.:  234 Obj.:   236.1448 Vol.:  0.500 ch.:  0.020
 It.:  235 Obj.:   236.1424 Vol.:  0.500 ch.:  0.020
 It.:  236 Obj.:   236.1473 Vol.:  0.500 ch.:  0.022
 It.:  237 Obj.:   236.1431 Vol.:  0.500 ch.:  0.023
 It.:  238 Obj.:   236.1385 Vol.:  0.500 ch.:  0.023
 It.:  239 Obj.:   236.1410 Vol.:  0.500 ch.:  0.024
 It.:  240 Obj.:   236.1423 Vol.:  0.500 ch.:  0.026
 It.:  241 Obj.:   236.1346 Vol.:  0.500 ch.:  0.026
 It.:  242 Obj.:   236.1341 Vol.:  0.500 ch.:  0.027
 It.:  243 Obj.:   236.1323 Vol.:  0.500 ch.:  0.028
 It.:  244 Obj.:   236.1293 Vol.:  0.500 ch.:  0.029
 It.:  245 Obj.:   236.1250 Vol.:  0.500 ch.:  0.029
 It.:  246 Obj.:   236.1275 Vol.:  0.500 ch.:  0.030
 It.:  247 Obj.:   236.1281 Vol.:  0.500 ch.:  0.032
 It.:  248 Obj.:   236.1192 Vol.:  0.500 ch.:  0.032
 It.:  249 Obj.:   236.1176 Vol.:  0.500 ch.:  0.033
 It.:  250 Obj.:   236.1142 Vol.:  0.500 ch.:  0.034
 It.:  251 Obj.:   236.1092 Vol.:  0.500 ch.:  0.034
 It.:  252 Obj.:   236.1111 Vol.:  0.500 ch.:  0.035
 It.:  253 Obj.:   236.1107 Vol.:  0.500 ch.:  0.033
 It.:  254 Obj.:   236.0998 Vol.:  0.500 ch.:  0.030
 It.:  255 Obj.:   236.0990 Vol.:  0.500 ch.:  0.032
 It.:  256 Obj.:   236.0961 Vol.:  0.500 ch.:  0.034
 It.:  257 Obj.:   236.0910 Vol.:  0.500 ch.:  0.035
 It.:  258 Obj.:   236.0930 Vol.:  0.500 ch.:  0.037
 It.:  259 Obj.:   236.0831 Vol.:  0.500 ch.:  0.038
 It.:  260 Obj.:   236.0805 Vol.:  0.500 ch.:  0.040
 It.:  261 Obj.:   236.0752 Vol.:  0.500 ch.:  0.041
 It.:  262 Obj.:   236.0675 Vol.:  0.500 ch.:  0.042
 It.:  263 Obj.:   236.0670 Vol.:  0.500 ch.:  0.043
 It.:  264 Obj.:   236.0632 Vol.:  0.500 ch.:  0.044
 It.:  265 Obj.:   236.0565 Vol.:  0.500 ch.:  0.045
 It.:  266 Obj.:   236.0468 Vol.:  0.500 ch.:  0.045
 It.:  267 Obj.:   236.0439 Vol.:  0.500 ch.:  0.046
 It.:  268 Obj.:   236.0375 Vol.:  0.500 ch.:  0.046
 It.:  269 Obj.:   236.0282 Vol.:  0.500 ch.:  0.041
 It.:  270 Obj.:   236.0292 Vol.:  0.500 ch.:  0.044
 It.:  271 Obj.:   236.0169 Vol.:  0.500 ch.:  0.044
 It.:  272 Obj.:   236.0115 Vol.:  0.500 ch.:  0.036
 It.:  273 Obj.:   236.0030 Vol.:  0.500 ch.:  0.036
 It.:  274 Obj.:   235.9939 Vol.:  0.500 ch.:  0.038
 It.:  275 Obj.:   235.9913 Vol.:  0.500 ch.:  0.041
 It.:  276 Obj.:   235.9844 Vol.:  0.500 ch.:  0.044
 It.:  277 Obj.:   235.9744 Vol.:  0.500 ch.:  0.047
 It.:  278 Obj.:   235.9630 Vol.:  0.500 ch.:  0.049
 It.:  279 Obj.:   235.9582 Vol.:  0.500 ch.:  0.053
 It.:  280 Obj.:   235.9517 Vol.:  0.500 ch.:  0.041
 It.:  281 Obj.:   235.9445 Vol.:  0.500 ch.:  0.044
 It.:  282 Obj.:   235.9355 Vol.:  0.500 ch.:  0.047
 It.:  283 Obj.:   235.9339 Vol.:  0.500 ch.:  0.052
 It.:  284 Obj.:   235.9178 Vol.:  0.500 ch.:  0.056
 It.:  285 Obj.:   235.9098 Vol.:  0.500 ch.:  0.048
 It.:  286 Obj.:   235.9011 Vol.:  0.500 ch.:  0.041
 It.:  287 Obj.:   235.8978 Vol.:  0.500 ch.:  0.045
 It.:  288 Obj.:   235.8931 Vol.:  0.500 ch.:  0.051
 It.:  289 Obj.:   235.8878 Vol.:  0.500 ch.:  0.056
 It.:  290 Obj.:   235.8818 Vol.:  0.500 ch.:  0.063
 It.:  291 Obj.:   235.8754 Vol.:  0.500 ch.:  0.071
 It.:  292 Obj.:   235.8594 Vol.:  0.500 ch.:  0.068
 It.:  293 Obj.:   235.8610 Vol.:  0.500 ch.:  0.038
 It.:  294 Obj.:   235.8495 Vol.:  0.500 ch.:  0.040
 It.:  295 Obj.:   235.8415 Vol.:  0.500 ch.:  0.042
 It.:  296 Obj.:   235.8347 Vol.:  0.500 ch.:  0.044
 It.:  297 Obj.:   235.8292 Vol.:  0.500 ch.:  0.046
 It.:  298 Obj.:   235.8263 Vol.:  0.500 ch.:  0.048
 It.:  299 Obj.:   235.8242 Vol.:  0.500 ch.:  0.050
 It.:  300 Obj.:   235.8224 Vol.:  0.500 ch.:  0.050
 It.:  301 Obj.:   235.8154 Vol.:  0.500 ch.:  0.054
 It.:  302 Obj.:   235.8129 Vol.:  0.500 ch.:  0.059
 It.:  303 Obj.:   235.8021 Vol.:  0.500 ch.:  0.063
 It.:  304 Obj.:   235.7986 Vol.:  0.500 ch.:  0.067
 It.:  305 Obj.:   235.7990 Vol.:  0.500 ch.:  0.041
 It.:  306 Obj.:   235.7885 Vol.:  0.500 ch.:  0.029
 It.:  307 Obj.:   235.7884 Vol.:  0.500 ch.:  0.030
 It.:  308 Obj.:   235.7898 Vol.:  0.500 ch.:  0.032
 It.:  309 Obj.:   235.7841 Vol.:  0.500 ch.:  0.033
 It.:  310 Obj.:   235.7797 Vol.:  0.500 ch.:  0.032
 It.:  311 Obj.:   235.7845 Vol.:  0.500 ch.:  0.034
 It.:  312 Obj.:   235.7822 Vol.:  0.500 ch.:  0.036
 It.:  313 Obj.:   235.7736 Vol.:  0.500 ch.:  0.035
 It.:  314 Obj.:   235.7739 Vol.:  0.500 ch.:  0.036
 It.:  315 Obj.:   235.7746 Vol.:  0.500 ch.:  0.038
 It.:  316 Obj.:   235.7686 Vol.:  0.500 ch.:  0.037
 It.:  317 Obj.:   235.7713 Vol.:  0.500 ch.:  0.038
 It.:  318 Obj.:   235.7668 Vol.:  0.500 ch.:  0.022
 It.:  319 Obj.:   235.7646 Vol.:  0.500 ch.:  0.021
 It.:  320 Obj.:   235.7647 Vol.:  0.500 ch.:  0.022
 It.:  321 Obj.:   235.7652 Vol.:  0.500 ch.:  0.023
 It.:  322 Obj.:   235.7597 Vol.:  0.500 ch.:  0.022
 It.:  323 Obj.:   235.7630 Vol.:  0.500 ch.:  0.023
 It.:  324 Obj.:   235.7594 Vol.:  0.500 ch.:  0.023
 It.:  325 Obj.:   235.7562 Vol.:  0.500 ch.:  0.022
 It.:  326 Obj.:   235.7604 Vol.:  0.500 ch.:  0.023
 It.:  327 Obj.:   235.7573 Vol.:  0.500 ch.:  0.023
 It.:  328 Obj.:   235.7548 Vol.:  0.500 ch.:  0.023
 It.:  329 Obj.:   235.7526 Vol.:  0.500 ch.:  0.023
 It.:  330 Obj.:   235.7508 Vol.:  0.500 ch.:  0.017
 It.:  331 Obj.:   235.7506 Vol.:  0.500 ch.:  0.017
 It.:  332 Obj.:   235.7511 Vol.:  0.500 ch.:  0.014
 It.:  333 Obj.:   235.7523 Vol.:  0.500 ch.:  0.013
 It.:  334 Obj.:   235.7488 Vol.:  0.500 ch.:  0.012
 It.:  335 Obj.:   235.7518 Vol.:  0.500 ch.:  0.013
 It.:  336 Obj.:   235.7488 Vol.:  0.500 ch.:  0.013
 It.:  337 Obj.:   235.7460 Vol.:  0.500 ch.:  0.012
 It.:  338 Obj.:   235.7496 Vol.:  0.500 ch.:  0.013
 It.:  339 Obj.:   235.7473 Vol.:  0.500 ch.:  0.013
 It.:  340 Obj.:   235.7452 Vol.:  0.500 ch.:  0.012
 It.:  341 Obj.:   235.7491 Vol.:  0.500 ch.:  0.013
 It.:  342 Obj.:   235.7468 Vol.:  0.500 ch.:  0.013
 It.:  343 Obj.:   235.7446 Vol.:  0.500 ch.:  0.013
 It.:  344 Obj.:   235.7428 Vol.:  0.500 ch.:  0.013
 It.:  345 Obj.:   235.7419 Vol.:  0.500 ch.:  0.013
 It.:  346 Obj.:   235.7412 Vol.:  0.500 ch.:  0.013
 It.:  347 Obj.:   235.7406 Vol.:  0.500 ch.:  0.013
 It.:  348 Obj.:   235.7401 Vol.:  0.500 ch.:  0.013
 It.:  349 Obj.:   235.7397 Vol.:  0.500 ch.:  0.013
 It.:  350 Obj.:   235.7393 Vol.:  0.500 ch.:  0.013
 It.:  351 Obj.:   235.7389 Vol.:  0.500 ch.:  0.013
 It.:  352 Obj.:   235.7385 Vol.:  0.500 ch.:  0.013
 It.:  353 Obj.:   235.7382 Vol.:  0.500 ch.:  0.013
 It.:  354 Obj.:   235.7378 Vol.:  0.500 ch.:  0.013
 It.:  355 Obj.:   235.7373 Vol.:  0.500 ch.:  0.013
 It.:  356 Obj.:   235.7369 Vol.:  0.500 ch.:  0.012
 It.:  357 Obj.:   235.7364 Vol.:  0.500 ch.:  0.012
 It.:  358 Obj.:   235.7358 Vol.:  0.500 ch.:  0.012
 It.:  359 Obj.:   235.7353 Vol.:  0.500 ch.:  0.012
 It.:  360 Obj.:   235.7346 Vol.:  0.500 ch.:  0.012
 It.:  361 Obj.:   235.7340 Vol.:  0.500 ch.:  0.011
 It.:  362 Obj.:   235.7337 Vol.:  0.500 ch.:  0.009
 It.:    1 Obj.:  1052.1190 Vol.:  0.500 ch.:  0.200
 It.:    2 Obj.:   598.4752 Vol.:  0.500 ch.:  0.200
 It.:    3 Obj.:   438.7158 Vol.:  0.500 ch.:  0.200
 It.:    4 Obj.:   378.9857 Vol.:  0.500 ch.:  0.200
 It.:    5 Obj.:   362.1664 Vol.:  0.500 ch.:  0.134
 It.:    6 Obj.:   352.8178 Vol.:  0.500 ch.:  0.172
 It.:    7 Obj.:   346.6042 Vol.:  0.500 ch.:  0.114
 It.:    8 Obj.:   341.0635 Vol.:  0.500 ch.:  0.140
 It.:    9 Obj.:   336.6703 Vol.:  0.500 ch.:  0.105
 It.:   10 Obj.:   332.2506 Vol.:  0.500 ch.:  0.131
 It.:   11 Obj.:   328.2011 Vol.:  0.500 ch.:  0.116
 It.:   12 Obj.:   324.6123 Vol.:  0.500 ch.:  0.115
 It.:   13 Obj.:   320.5086 Vol.:  0.500 ch.:  0.122
 It.:   14 Obj.:   317.2950 Vol.:  0.500 ch.:  0.147
 It.:   15 Obj.:   314.2656 Vol.:  0.500 ch.:  0.133
 It.:   16 Obj.:   311.1300 Vol.:  0.500 ch.:  0.125
 It.:   17 Obj.:   308.3995 Vol.:  0.500 ch.:  0.132
 It.:   18 Obj.:   305.6771 Vol.:  0.500 ch.:  0.143
 It.:   19 Obj.:   302.3334 Vol.:  0.500 ch.:  0.152
 It.:   20 Obj.:   299.2821 Vol.:  0.500 ch.:  0.162
 It.:   21 Obj.:   295.7537 Vol.:  0.500 ch.:  0.172
 It.:   22 Obj.:   292.0313 Vol.:  0.500 ch.:  0.184
 It.:   23 Obj.:   288.4432 Vol.:  0.500 ch.:  0.199
 It.:   24 Obj.:   284.8315 Vol.:  0.500 ch.:  0.194
 It.:   25 Obj.:   281.2721 Vol.:  0.500 ch.:  0.187
 It.:   26 Obj.:   277.8128 Vol.:  0.500 ch.:  0.180
 It.:   27 Obj.:   274.9778 Vol.:  0.500 ch.:  0.162
 It.:   28 Obj.:   272.4439 Vol.:  0.500 ch.:  0.178
 It.:   29 Obj.:   270.3765 Vol.:  0.500 ch.:  0.200
 It.:   30 Obj.:   268.7950 Vol.:  0.500 ch.:  0.179
 It.:   31 Obj.:   267.7657 Vol.:  0.500 ch.:  0.118
 It.:   32 Obj.:   267.0429 Vol.:  0.500 ch.:  0.111
 It.:   33 Obj.:   266.4383 Vol.:  0.500 ch.:  0.107
 It.:   34 Obj.:   265.9441 Vol.:  0.500 ch.:  0.107
 It.:   35 Obj.:   265.5353 Vol.:  0.500 ch.:  0.109
 It.:   36 Obj.:   265.1973 Vol.:  0.500 ch.:  0.104
 It.:   37 Obj.:   264.9328 Vol.:  0.500 ch.:  0.105
 It.:   38 Obj.:   264.6621 Vol.:  0.500 ch.:  0.106
 It.:   39 Obj.:   264.4453 Vol.:  0.500 ch.:  0.114
 It.:   40 Obj.:   264.2347 Vol.:  0.500 ch.:  0.132
 It.:   41 Obj.:   264.0273 Vol.:  0.500 ch.:  0.143
 It.:   42 Obj.:   263.8927 Vol.:  0.500 ch.:  0.134
 It.:   43 Obj.:   263.7118 Vol.:  0.500 ch.:  0.132
 It.:   44 Obj.:   263.5976 Vol.:  0.500 ch.:  0.094
 It.:   45 Obj.:   263.5102 Vol.:  0.500 ch.:  0.066
 It.:   46 Obj.:   263.4197 Vol.:  0.500 ch.:  0.072
 It.:   47 Obj.:   263.3478 Vol.:  0.500 ch.:  0.078
 It.:   48 Obj.:   263.2555 Vol.:  0.500 ch.:  0.078
 It.:   49 Obj.:   263.1836 Vol.:  0.500 ch.:  0.072
 It.:   50 Obj.:   263.1329 Vol.:  0.500 ch.:  0.064
 It.:   51 Obj.:   263.0818 Vol.:  0.500 ch.:  0.060
 It.:   52 Obj.:   263.0372 Vol.:  0.500 ch.:  0.061
 It.:   53 Obj.:   262.9802 Vol.:  0.500 ch.:  0.061
 It.:   54 Obj.:   262.9515 Vol.:  0.500 ch.:  0.059
 It.:   55 Obj.:   262.8973 Vol.:  0.500 ch.:  0.056
 It.:   56 Obj.:   262.8503 Vol.:  0.500 ch.:  0.052
 It.:   57 Obj.:   262.8260 Vol.:  0.500 ch.:  0.055
 It.:   58 Obj.:   262.7814 Vol.:  0.500 ch.:  0.055
 It.:   59 Obj.:   262.7626 Vol.:  0.500 ch.:  0.059
 It.:   60 Obj.:   262.7184 Vol.:  0.500 ch.:  0.058
 It.:   61 Obj.:   262.6933 Vol.:  0.500 ch.:  0.050
 It.:   62 Obj.:   262.6682 Vol.:  0.500 ch.:  0.052
 It.:   63 Obj.:   262.6424 Vol.:  0.500 ch.:  0.052
 It.:   64 Obj.:   262.6129 Vol.:  0.500 ch.:  0.055
 It.:   65 Obj.:   262.5792 Vol.:  0.500 ch.:  0.058
 It.:   66 Obj.:   262.5599 Vol.:  0.500 ch.:  0.061
 It.:   67 Obj.:   262.5321 Vol.:  0.500 ch.:  0.064
 It.:   68 Obj.:   262.4972 Vol.:  0.500 ch.:  0.060
 It.:   69 Obj.:   262.4812 Vol.:  0.500 ch.:  0.061
 It.:   70 Obj.:   262.4617 Vol.:  0.500 ch.:  0.060
 It.:   71 Obj.:   262.4364 Vol.:  0.500 ch.:  0.049
 It.:   72 Obj.:   262.4143 Vol.:  0.500 ch.:  0.052
 It.:   73 Obj.:   262.3889 Vol.:  0.500 ch.:  0.051
 It.:   74 Obj.:   262.3760 Vol.:  0.500 ch.:  0.054
 It.:   75 Obj.:   262.3579 Vol.:  0.500 ch.:  0.057
 It.:   76 Obj.:   262.3338 Vol.:  0.500 ch.:  0.059
 It.:   77 Obj.:   262.3037 Vol.:  0.500 ch.:  0.060
 It.:   78 Obj.:   262.3003 Vol.:  0.500 ch.:  0.064
 It.:   79 Obj.:   262.2719 Vol.:  0.500 ch.:  0.059
 It.:   80 Obj.:   262.2597 Vol.:  0.500 ch.:  0.056
 It.:   81 Obj.:   262.2455 Vol.:  0.500 ch.:  0.059
 It.:   82 Obj.:   262.2256 Vol.:  0.500 ch.:  0.054
 It.:   83 Obj.:   262.2026 Vol.:  0.500 ch.:  0.056
 It.:   84 Obj.:   262.1921 Vol.:  0.500 ch.:  0.051
 It.:   85 Obj.:   262.1797 Vol.:  0.500 ch.:  0.053
 It.:   86 Obj.:   262.1627 Vol.:  0.500 ch.:  0.048
 It.:   87 Obj.:   262.1438 Vol.:  0.500 ch.:  0.049
 It.:   88 Obj.:   262.1362 Vol.:  0.500 ch.:  0.053
 It.:   89 Obj.:   262.1209 Vol.:  0.500 ch.:  0.047
 It.:   90 Obj.:   262.1127 Vol.:  0.500 ch.:  0.048
 It.:   91 Obj.:   262.1038 Vol.:  0.500 ch.:  0.046
 It.:   92 Obj.:   262.0819 Vol.:  0.500 ch.:  0.048
 It.:   93 Obj.:   262.0760 Vol.:  0.500 ch.:  0.044
 It.:   94 Obj.:   262.0719 Vol.:  0.500 ch.:  0.043
 It.:   95 Obj.:   262.0556 Vol.:  0.500 ch.:  0.039
 It.:   96 Obj.:   262.0541 Vol.:  0.500 ch.:  0.043
 It.:   97 Obj.:   262.0375 Vol.:  0.500 ch.:  0.045
 It.:   98 Obj.:   262.0346 Vol.:  0.500 ch.:  0.048
 It.:   99 Obj.:   262.0205 Vol.:  0.500 ch.:  0.051
 It.:  100 Obj.:   262.0063 Vol.:  0.500 ch.:  0.042
 It.:  101 Obj.:   262.0050 Vol.:  0.500 ch.:  0.046
 It.:  102 Obj.:   261.9899 Vol.:  0.500 ch.:  0.048
 It.:  103 Obj.:   261.9875 Vol.:  0.500 ch.:  0.051
 It.:  104 Obj.:   261.9710 Vol.:  0.500 ch.:  0.053
 It.:  105 Obj.:   261.9671 Vol.:  0.500 ch.:  0.056
 It.:  106 Obj.:   261.9614 Vol.:  0.500 ch.:  0.058
 It.:  107 Obj.:   261.9548 Vol.:  0.500 ch.:  0.059
 It.:  108 Obj.:   261.9395 Vol.:  0.500 ch.:  0.056
 It.:  109 Obj.:   261.9295 Vol.:  0.500 ch.:  0.048
 It.:  110 Obj.:   261.9223 Vol.:  0.500 ch.:  0.052
 It.:  111 Obj.:   261.9168 Vol.:  0.500 ch.:  0.055
 It.:  112 Obj.:   261.9106 Vol.:  0.500 ch.:  0.049
 It.:  113 Obj.:   261.9066 Vol.:  0.500 ch.:  0.053
 It.:  114 Obj.:   261.8941 Vol.:  0.500 ch.:  0.050
 It.:  115 Obj.:   261.8945 Vol.:  0.500 ch.:  0.048
 It.:  116 Obj.:   261.8875 Vol.:  0.500 ch.:  0.051
 It.:  117 Obj.:   261.8820 Vol.:  0.500 ch.:  0.055
 It.:  118 Obj.:   261.8759 Vol.:  0.500 ch.:  0.046
 It.:  119 Obj.:   261.8719 Vol.:  0.500 ch.:  0.049
 It.:  120 Obj.:   261.8682 Vol.:  0.500 ch.:  0.052
 It.:  121 Obj.:   261.8651 Vol.:  0.500 ch.:  0.044
 It.:  122 Obj.:   261.8503 Vol.:  0.500 ch.:  0.046
 It.:  123 Obj.:   261.8473 Vol.:  0.500 ch.:  0.048
 It.:  124 Obj.:   261.8437 Vol.:  0.500 ch.:  0.051
 It.:  125 Obj.:   261.8391 Vol.:  0.500 ch.:  0.042
 It.:  126 Obj.:   261.8338 Vol.:  0.500 ch.:  0.044
 It.:  127 Obj.:   261.8291 Vol.:  0.500 ch.:  0.047
 It.:  128 Obj.:   261.8251 Vol.:  0.500 ch.:  0.050
 It.:  129 Obj.:   261.8208 Vol.:  0.500 ch.:  0.047
 It.:  130 Obj.:   261.8165 Vol.:  0.500 ch.:  0.043
 It.:  131 Obj.:   261.8135 Vol.:  0.500 ch.:  0.045
 It.:  132 Obj.:   261.8112 Vol.:  0.500 ch.:  0.048
 It.:  133 Obj.:   261.8085 Vol.:  0.500 ch.:  0.051
 It.:  134 Obj.:   261.7958 Vol.:  0.500 ch.:  0.040
 It.:  135 Obj.:   261.7938 Vol.:  0.500 ch.:  0.043
 It.:  136 Obj.:   261.7921 Vol.:  0.500 ch.:  0.045
 It.:  137 Obj.:   261.7903 Vol.:  0.500 ch.:  0.048
 It.:  138 Obj.:   261.7875 Vol.:  0.500 ch.:  0.038
 It.:  139 Obj.:   261.7848 Vol.:  0.500 ch.:  0.041
 It.:  140 Obj.:   261.7729 Vol.:  0.500 ch.:  0.042
 It.:  141 Obj.:   261.7706 Vol.:  0.500 ch.:  0.044
 It.:  142 Obj.:   261.7669 Vol.:  0.500 ch.:  0.046
 It.:  143 Obj.:   261.7639 Vol.:  0.500 ch.:  0.048
 It.:  144 Obj.:   261.7607 Vol.:  0.500 ch.:  0.051
 It.:  145 Obj.:   261.7572 Vol.:  0.500 ch.:  0.040
 It.:  146 Obj.:   261.7535 Vol.:  0.500 ch.:  0.042
 It.:  147 Obj.:   261.7502 Vol.:  0.500 ch.:  0.045
 It.:  148 Obj.:   261.7464 Vol.:  0.500 ch.:  0.035
 It.:  149 Obj.:   261.7426 Vol.:  0.500 ch.:  0.037
 It.:  150 Obj.:   261.7384 Vol.:  0.500 ch.:  0.039
 It.:  151 Obj.:   261.7333 Vol.:  0.500 ch.:  0.040
 It.:  152 Obj.:   261.7375 Vol.:  0.500 ch.:  0.043
 It.:  153 Obj.:   261.7325 Vol.:  0.500 ch.:  0.046
 It.:  154 Obj.:   261.7267 Vol.:  0.500 ch.:  0.049
 It.:  155 Obj.:   261.7204 Vol.:  0.500 ch.:  0.051
 It.:  156 Obj.:   261.7231 Vol.:  0.500 ch.:  0.055
 It.:  157 Obj.:   261.7152 Vol.:  0.500 ch.:  0.038
 It.:  158 Obj.:   261.7166 Vol.:  0.500 ch.:  0.041
 It.:  159 Obj.:   261.7085 Vol.:  0.500 ch.:  0.042
 It.:  160 Obj.:   261.7092 Vol.:  0.500 ch.:  0.043
 It.:  161 Obj.:   261.6998 Vol.:  0.500 ch.:  0.045
 It.:  162 Obj.:   261.7011 Vol.:  0.500 ch.:  0.048
 It.:  163 Obj.:   261.6924 Vol.:  0.500 ch.:  0.050
 It.:  164 Obj.:   261.6929 Vol.:  0.500 ch.:  0.054
 It.:  165 Obj.:   261.6832 Vol.:  0.500 ch.:  0.045
 It.:  166 Obj.:   261.6817 Vol.:  0.500 ch.:  0.043
 It.:  167 Obj.:   261.6801 Vol.:  0.500 ch.:  0.045
 It.:  168 Obj.:   261.6774 Vol.:  0.500 ch.:  0.048
 It.:  169 Obj.:   261.6753 Vol.:  0.500 ch.:  0.052
 It.:  170 Obj.:   261.6637 Vol.:  0.500 ch.:  0.053
 It.:  171 Obj.:   261.6600 Vol.:  0.500 ch.:  0.047
 It.:  172 Obj.:   261.6566 Vol.:  0.500 ch.:  0.050
 It.:  173 Obj.:   261.6540 Vol.:  0.500 ch.:  0.052
 It.:  174 Obj.:   261.6504 Vol.:  0.500 ch.:  0.053
 It.:  175 Obj.:   261.6475 Vol.:  0.500 ch.:  0.055
 It.:  176 Obj.:   261.6460 Vol.:  0.500 ch.:  0.053
 It.:  177 Obj.:   261.6411 Vol.:  0.500 ch.:  0.054
 It.:  178 Obj.:   261.6379 Vol.:  0.500 ch.:  0.051
 It.:  179 Obj.:   261.6362 Vol.:  0.500 ch.:  0.054
 It.:  180 Obj.:   261.6338 Vol.:  0.500 ch.:  0.044
 It.:  181 Obj.:   261.6315 Vol.:  0.500 ch.:  0.047
 It.:  182 Obj.:   261.6295 Vol.:  0.500 ch.:  0.051
 It.:  183 Obj.:   261.6193 Vol.:  0.500 ch.:  0.054
 It.:  184 Obj.:   261.6189 Vol.:  0.500 ch.:  0.040
 It.:  185 Obj.:   261.6186 Vol.:  0.500 ch.:  0.043
 It.:  186 Obj.:   261.6188 Vol.:  0.500 ch.:  0.046
 It.:  187 Obj.:   261.6100 Vol.:  0.500 ch.:  0.048
 It.:  188 Obj.:   261.6090 Vol.:  0.500 ch.:  0.052
 It.:  189 Obj.:   261.6072 Vol.:  0.500 ch.:  0.055
 It.:  190 Obj.:   261.6045 Vol.:  0.500 ch.:  0.043
 It.:  191 Obj.:   261.6025 Vol.:  0.500 ch.:  0.045
 It.:  192 Obj.:   261.6004 Vol.:  0.500 ch.:  0.043
 It.:  193 Obj.:   261.6000 Vol.:  0.500 ch.:  0.047
 It.:  194 Obj.:   261.5923 Vol.:  0.500 ch.:  0.049
 It.:  195 Obj.:   261.5921 Vol.:  0.500 ch.:  0.052
 It.:  196 Obj.:   261.5911 Vol.:  0.500 ch.:  0.056
 It.:  197 Obj.:   261.5894 Vol.:  0.500 ch.:  0.037
 It.:  198 Obj.:   261.5803 Vol.:  0.500 ch.:  0.038
 It.:  199 Obj.:   261.5788 Vol.:  0.500 ch.:  0.041
 It.:  200 Obj.:   261.5764 Vol.:  0.500 ch.:  0.044
 It.:  201 Obj.:   261.5732 Vol.:  0.500 ch.:  0.047
 It.:  202 Obj.:   261.5703 Vol.:  0.500 ch.:  0.050
 It.:  203 Obj.:   261.5678 Vol.:  0.500 ch.:  0.052
 It.:  204 Obj.:   261.5727 Vol.:  0.500 ch.:  0.056
 It.:  205 Obj.:   261.5686 Vol.:  0.500 ch.:  0.040
 It.:  206 Obj.:   261.5660 Vol.:  0.500 ch.:  0.042
 It.:  207 Obj.:   261.5633 Vol.:  0.500 ch.:  0.045
 It.:  208 Obj.:   261.5604 Vol.:  0.500 ch.:  0.047
 It.:  209 Obj.:   261.5575 Vol.:  0.500 ch.:  0.045
 It.:  210 Obj.:   261.5551 Vol.:  0.500 ch.:  0.048
 It.:  211 Obj.:   261.5519 Vol.:  0.500 ch.:  0.051
 It.:  212 Obj.:   261.5483 Vol.:  0.500 ch.:  0.054
 It.:  213 Obj.:   261.5451 Vol.:  0.500 ch.:  0.045
 It.:  214 Obj.:   261.5416 Vol.:  0.500 ch.:  0.033
 It.:  215 Obj.:   261.5470 Vol.:  0.500 ch.:  0.036
 It.:  216 Obj.:   261.5439 Vol.:  0.500 ch.:  0.039
 It.:  217 Obj.:   261.5408 Vol.:  0.500 ch.:  0.041
 It.:  218 Obj.:   261.5374 Vol.:  0.500 ch.:  0.044
 It.:  219 Obj.:   261.5345 Vol.:  0.500 ch.:  0.047
 It.:  220 Obj.:   261.5312 Vol.:  0.500 ch.:  0.050
 It.:  221 Obj.:   261.5281 Vol.:  0.500 ch.:  0.053
 It.:  222 Obj.:   261.5254 Vol.:  0.500 ch.:  0.057
 It.:  223 Obj.:   261.5226 Vol.:  0.500 ch.:  0.034
 It.:  224 Obj.:   261.5214 Vol.:  0.500 ch.:  0.036
 It.:  225 Obj.:   261.5200 Vol.:  0.500 ch.:  0.037
 It.:  226 Obj.:   261.5182 Vol.:  0.500 ch.:  0.039
 It.:  227 Obj.:   261.5165 Vol.:  0.500 ch.:  0.042
 It.:  228 Obj.:   261.5153 Vol.:  0.500 ch.:  0.044
 It.:  229 Obj.:   261.5156 Vol.:  0.500 ch.:  0.048
 It.:  230 Obj.:   261.5085 Vol.:  0.500 ch.:  0.050
 It.:  231 Obj.:   261.5086 Vol.:  0.500 ch.:  0.054
 It.:  232 Obj.:   261.5079 Vol.:  0.500 ch.:  0.052
 It.:  233 Obj.:   261.5067 Vol.:  0.500 ch.:  0.053
 It.:  234 Obj.:   261.5066 Vol.:  0.500 ch.:  0.058
 It.:  235 Obj.:   261.4995 Vol.:  0.500 ch.:  0.036
 It.:  236 Obj.:   261.5014 Vol.:  0.500 ch.:  0.039
 It.:  237 Obj.:   261.4959 Vol.:  0.500 ch.:  0.041
 It.:  238 Obj.:   261.4979 Vol.:  0.500 ch.:  0.044
 It.:  239 Obj.:   261.4922 Vol.:  0.500 ch.:  0.046
 It.:  240 Obj.:   261.4934 Vol.:  0.500 ch.:  0.049
 It.:  241 Obj.:   261.4939 Vol.:  0.500 ch.:  0.053
 It.:  242 Obj.:   261.4867 Vol.:  0.500 ch.:  0.055
 It.:  243 Obj.:   261.4869 Vol.:  0.500 ch.:  0.031
 It.:  244 Obj.:   261.4884 Vol.:  0.500 ch.:  0.034
 It.:  245 Obj.:   261.4832 Vol.:  0.500 ch.:  0.036
 It.:  246 Obj.:   261.4850 Vol.:  0.500 ch.:  0.039
 It.:  247 Obj.:   261.4790 Vol.:  0.500 ch.:  0.041
 It.:  248 Obj.:   261.4796 Vol.:  0.500 ch.:  0.044
 It.:  249 Obj.:   261.4794 Vol.:  0.500 ch.:  0.048
 It.:  250 Obj.:   261.4715 Vol.:  0.500 ch.:  0.050
 It.:  251 Obj.:   261.4714 Vol.:  0.500 ch.:  0.053
 It.:  252 Obj.:   261.4707 Vol.:  0.500 ch.:  0.057
 It.:  253 Obj.:   261.4696 Vol.:  0.500 ch.:  0.061
 It.:  254 Obj.:   261.4681 Vol.:  0.500 ch.:  0.029
 It.:  255 Obj.:   261.4626 Vol.:  0.500 ch.:  0.030
 It.:  256 Obj.:   261.4649 Vol.:  0.500 ch.:  0.033
 It.:  257 Obj.:   261.4596 Vol.:  0.500 ch.:  0.034
 It.:  258 Obj.:   261.4611 Vol.:  0.500 ch.:  0.037
 It.:  259 Obj.:   261.4558 Vol.:  0.500 ch.:  0.038
 It.:  260 Obj.:   261.4572 Vol.:  0.500 ch.:  0.042
 It.:  261 Obj.:   261.4516 Vol.:  0.500 ch.:  0.043
 It.:  262 Obj.:   261.4529 Vol.:  0.500 ch.:  0.047
 It.:  263 Obj.:   261.4467 Vol.:  0.500 ch.:  0.049
 It.:  264 Obj.:   261.4471 Vol.:  0.500 ch.:  0.052
 It.:  265 Obj.:   261.4466 Vol.:  0.500 ch.:  0.055
 It.:  266 Obj.:   261.4456 Vol.:  0.500 ch.:  0.059
 It.:  267 Obj.:   261.4389 Vol.:  0.500 ch.:  0.062
 It.:  268 Obj.:   261.4393 Vol.:  0.500 ch.:  0.034
 It.:  269 Obj.:   261.4410 Vol.:  0.500 ch.:  0.037
 It.:  270 Obj.:   261.4363 Vol.:  0.500 ch.:  0.040
 It.:  271 Obj.:   261.4311 Vol.:  0.500 ch.:  0.042
 It.:  272 Obj.:   261.4320 Vol.:  0.500 ch.:  0.045
 It.:  273 Obj.:   261.4324 Vol.:  0.500 ch.:  0.049
 It.:  274 Obj.:   261.4267 Vol.:  0.500 ch.:  0.051
 It.:  275 Obj.:   261.4274 Vol.:  0.500 ch.:  0.055
 It.:  276 Obj.:   261.4213 Vol.:  0.500 ch.:  0.058
 It.:  277 Obj.:   261.4217 Vol.:  0.500 ch.:  0.062
 It.:  278 Obj.:   261.4212 Vol.:  0.500 ch.:  0.044
 It.:  279 Obj.:   261.4161 Vol.:  0.500 ch.:  0.046
 It.:  280 Obj.:   261.4190 Vol.:  0.500 ch.:  0.050
 It.:  281 Obj.:   261.4149 Vol.:  0.500 ch.:  0.053
 It.:  282 Obj.:   261.4111 Vol.:  0.500 ch.:  0.056
 It.:  283 Obj.:   261.4130 Vol.:  0.500 ch.:  0.061
 It.:  284 Obj.:   261.4078 Vol.:  0.500 ch.:  0.063
 It.:  285 Obj.:   261.4087 Vol.:  0.500 ch.:  0.053
 It.:  286 Obj.:   261.4045 Vol.:  0.500 ch.:  0.056
 It.:  287 Obj.:   261.3999 Vol.:  0.500 ch.:  0.059
 It.:  288 Obj.:   261.4010 Vol.:  0.500 ch.:  0.064
 It.:  289 Obj.:   261.3951 Vol.:  0.500 ch.:  0.056
 It.:  290 Obj.:   261.3964 Vol.:  0.500 ch.:  0.061
 It.:  291 Obj.:   261.3914 Vol.:  0.500 ch.:  0.063
 It.:  292 Obj.:   261.3929 Vol.:  0.500 ch.:  0.058
 It.:  293 Obj.:   261.3902 Vol.:  0.500 ch.:  0.062
 It.:  294 Obj.:   261.3869 Vol.:  0.500 ch.:  0.052
 It.:  295 Obj.:   261.3838 Vol.:  0.500 ch.:  0.056
 It.:  296 Obj.:   261.3817 Vol.:  0.500 ch.:  0.059
 It.:  297 Obj.:   261.3853 Vol.:  0.500 ch.:  0.061
 It.:  298 Obj.:   261.3819 Vol.:  0.500 ch.:  0.048
 It.:  299 Obj.:   261.3799 Vol.:  0.500 ch.:  0.051
 It.:  300 Obj.:   261.3773 Vol.:  0.500 ch.:  0.055
 It.:  301 Obj.:   261.3750 Vol.:  0.500 ch.:  0.058
 It.:  302 Obj.:   261.3732 Vol.:  0.500 ch.:  0.062
 It.:  303 Obj.:   261.3711 Vol.:  0.500 ch.:  0.049
 It.:  304 Obj.:   261.3703 Vol.:  0.500 ch.:  0.052
 It.:  305 Obj.:   261.3691 Vol.:  0.500 ch.:  0.046
 It.:  306 Obj.:   261.3679 Vol.:  0.500 ch.:  0.049
 It.:  307 Obj.:   261.3676 Vol.:  0.500 ch.:  0.052
 It.:  308 Obj.:   261.3669 Vol.:  0.500 ch.:  0.057
 It.:  309 Obj.:   261.3600 Vol.:  0.500 ch.:  0.059
 It.:  310 Obj.:   261.3587 Vol.:  0.500 ch.:  0.037
 It.:  311 Obj.:   261.3576 Vol.:  0.500 ch.:  0.039
 It.:  312 Obj.:   261.3571 Vol.:  0.500 ch.:  0.040
 It.:  313 Obj.:   261.3561 Vol.:  0.500 ch.:  0.039
 It.:  314 Obj.:   261.3556 Vol.:  0.500 ch.:  0.042
 It.:  315 Obj.:   261.3551 Vol.:  0.500 ch.:  0.045
 It.:  316 Obj.:   261.3541 Vol.:  0.500 ch.:  0.048
 It.:  317 Obj.:   261.3528 Vol.:  0.500 ch.:  0.051
 It.:  318 Obj.:   261.3511 Vol.:  0.500 ch.:  0.054
 It.:  319 Obj.:   261.3489 Vol.:  0.500 ch.:  0.058
 It.:  320 Obj.:   261.3462 Vol.:  0.500 ch.:  0.052
 It.:  321 Obj.:   261.3432 Vol.:  0.500 ch.:  0.032
 It.:  322 Obj.:   261.3424 Vol.:  0.500 ch.:  0.031
 It.:  323 Obj.:   261.3427 Vol.:  0.500 ch.:  0.033
 It.:  324 Obj.:   261.3428 Vol.:  0.500 ch.:  0.034
 It.:  325 Obj.:   261.3425 Vol.:  0.500 ch.:  0.037
 It.:  326 Obj.:   261.3361 Vol.:  0.500 ch.:  0.039
 It.:  327 Obj.:   261.3351 Vol.:  0.500 ch.:  0.042
 It.:  328 Obj.:   261.3337 Vol.:  0.500 ch.:  0.045
 It.:  329 Obj.:   261.3317 Vol.:  0.500 ch.:  0.047
 It.:  330 Obj.:   261.3353 Vol.:  0.500 ch.:  0.051
 It.:  331 Obj.:   261.3330 Vol.:  0.500 ch.:  0.054
 It.:  332 Obj.:   261.3314 Vol.:  0.500 ch.:  0.058
 It.:  333 Obj.:   261.3297 Vol.:  0.500 ch.:  0.044
 It.:  334 Obj.:   261.3286 Vol.:  0.500 ch.:  0.042
 It.:  335 Obj.:   261.3233 Vol.:  0.500 ch.:  0.044
 It.:  336 Obj.:   261.3240 Vol.:  0.500 ch.:  0.046
 It.:  337 Obj.:   261.3244 Vol.:  0.500 ch.:  0.049
 It.:  338 Obj.:   261.3243 Vol.:  0.500 ch.:  0.052
 It.:  339 Obj.:   261.3182 Vol.:  0.500 ch.:  0.034
 It.:  340 Obj.:   261.3197 Vol.:  0.500 ch.:  0.036
 It.:  341 Obj.:   261.3161 Vol.:  0.500 ch.:  0.038
 It.:  342 Obj.:   261.3191 Vol.:  0.500 ch.:  0.041
 It.:  343 Obj.:   261.3160 Vol.:  0.500 ch.:  0.044
 It.:  344 Obj.:   261.3128 Vol.:  0.500 ch.:  0.046
 It.:  345 Obj.:   261.3148 Vol.:  0.500 ch.:  0.050
 It.:  346 Obj.:   261.3107 Vol.:  0.500 ch.:  0.052
 It.:  347 Obj.:   261.3118 Vol.:  0.500 ch.:  0.056
 It.:  348 Obj.:   261.3124 Vol.:  0.500 ch.:  0.061
 It.:  349 Obj.:   261.3069 Vol.:  0.500 ch.:  0.030
 It.:  350 Obj.:   261.3091 Vol.:  0.500 ch.:  0.033
 It.:  351 Obj.:   261.3053 Vol.:  0.500 ch.:  0.033
 It.:  352 Obj.:   261.3070 Vol.:  0.500 ch.:  0.036
 It.:  353 Obj.:   261.3030 Vol.:  0.500 ch.:  0.037
 It.:  354 Obj.:   261.3041 Vol.:  0.500 ch.:  0.039
 It.:  355 Obj.:   261.3048 Vol.:  0.500 ch.:  0.042
 It.:  356 Obj.:   261.2993 Vol.:  0.500 ch.:  0.043
 It.:  357 Obj.:   261.2993 Vol.:  0.500 ch.:  0.046
 It.:  358 Obj.:   261.2997 Vol.:  0.500 ch.:  0.048
 It.:  359 Obj.:   261.2999 Vol.:  0.500 ch.:  0.040
 It.:  360 Obj.:   261.2961 Vol.:  0.500 ch.:  0.042
 It.:  361 Obj.:   261.2931 Vol.:  0.500 ch.:  0.043
 It.:  362 Obj.:   261.2962 Vol.:  0.500 ch.:  0.047
 It.:  363 Obj.:   261.2936 Vol.:  0.500 ch.:  0.050
 It.:  364 Obj.:   261.2910 Vol.:  0.500 ch.:  0.052
 It.:  365 Obj.:   261.2935 Vol.:  0.500 ch.:  0.056
 It.:  366 Obj.:   261.2903 Vol.:  0.500 ch.:  0.049
 It.:  367 Obj.:   261.2876 Vol.:  0.500 ch.:  0.032
 It.:  368 Obj.:   261.2867 Vol.:  0.500 ch.:  0.034
 It.:  369 Obj.:   261.2858 Vol.:  0.500 ch.:  0.036
 It.:  370 Obj.:   261.2845 Vol.:  0.500 ch.:  0.038
 It.:  371 Obj.:   261.2882 Vol.:  0.500 ch.:  0.041
 It.:  372 Obj.:   261.2861 Vol.:  0.500 ch.:  0.043
 It.:  373 Obj.:   261.2838 Vol.:  0.500 ch.:  0.046
 It.:  374 Obj.:   261.2811 Vol.:  0.500 ch.:  0.048
 It.:  375 Obj.:   261.2835 Vol.:  0.500 ch.:  0.051
 It.:  376 Obj.:   261.2808 Vol.:  0.500 ch.:  0.054
 It.:  377 Obj.:   261.2779 Vol.:  0.500 ch.:  0.037
 It.:  378 Obj.:   261.2769 Vol.:  0.500 ch.:  0.038
 It.:  379 Obj.:   261.2810 Vol.:  0.500 ch.:  0.041
 It.:  380 Obj.:   261.2796 Vol.:  0.500 ch.:  0.043
 It.:  381 Obj.:   261.2779 Vol.:  0.500 ch.:  0.045
 It.:  382 Obj.:   261.2759 Vol.:  0.500 ch.:  0.048
 It.:  383 Obj.:   261.2736 Vol.:  0.500 ch.:  0.049
 It.:  384 Obj.:   261.2720 Vol.:  0.500 ch.:  0.052
 It.:  385 Obj.:   261.2709 Vol.:  0.500 ch.:  0.054
 It.:  386 Obj.:   261.2746 Vol.:  0.500 ch.:  0.049
 It.:  387 Obj.:   261.2730 Vol.:  0.500 ch.:  0.021
 It.:  388 Obj.:   261.2726 Vol.:  0.500 ch.:  0.021
 It.:  389 Obj.:   261.2720 Vol.:  0.500 ch.:  0.022
 It.:  390 Obj.:   261.2711 Vol.:  0.500 ch.:  0.023
 It.:  391 Obj.:   261.2703 Vol.:  0.500 ch.:  0.023
 It.:  392 Obj.:   261.2692 Vol.:  0.500 ch.:  0.024
 It.:  393 Obj.:   261.2678 Vol.:  0.500 ch.:  0.025
 It.:  394 Obj.:   261.2664 Vol.:  0.500 ch.:  0.025
 It.:  395 Obj.:   261.2648 Vol.:  0.500 ch.:  0.026
 It.:  396 Obj.:   261.2629 Vol.:  0.500 ch.:  0.027
 It.:  397 Obj.:   261.2657 Vol.:  0.500 ch.:  0.029
 It.:  398 Obj.:   261.2630 Vol.:  0.500 ch.:  0.031
 It.:  399 Obj.:   261.2602 Vol.:  0.500 ch.:  0.032
 It.:  400 Obj.:   261.2627 Vol.:  0.500 ch.:  0.035
 It.:  401 Obj.:   261.2597 Vol.:  0.500 ch.:  0.036
 It.:  402 Obj.:   261.2615 Vol.:  0.500 ch.:  0.039
 It.:  403 Obj.:   261.2577 Vol.:  0.500 ch.:  0.040
 It.:  404 Obj.:   261.2586 Vol.:  0.500 ch.:  0.044
 It.:  405 Obj.:   261.2540 Vol.:  0.500 ch.:  0.045
 It.:  406 Obj.:   261.2541 Vol.:  0.500 ch.:  0.048
 It.:  407 Obj.:   261.2537 Vol.:  0.500 ch.:  0.051
 It.:  408 Obj.:   261.2528 Vol.:  0.500 ch.:  0.054
 It.:  409 Obj.:   261.2513 Vol.:  0.500 ch.:  0.048
 It.:  410 Obj.:   261.2513 Vol.:  0.500 ch.:  0.051
 It.:  411 Obj.:   261.2519 Vol.:  0.500 ch.:  0.056
 It.:  412 Obj.:   261.2490 Vol.:  0.500 ch.:  0.059
 It.:  413 Obj.:   261.2462 Vol.:  0.500 ch.:  0.029
 It.:  414 Obj.:   261.2448 Vol.:  0.500 ch.:  0.030
 It.:  415 Obj.:   261.2484 Vol.:  0.500 ch.:  0.032
 It.:  416 Obj.:   261.2465 Vol.:  0.500 ch.:  0.033
 It.:  417 Obj.:   261.2445 Vol.:  0.500 ch.:  0.035
 It.:  418 Obj.:   261.2423 Vol.:  0.500 ch.:  0.035
 It.:  419 Obj.:   261.2452 Vol.:  0.500 ch.:  0.038
 It.:  420 Obj.:   261.2428 Vol.:  0.500 ch.:  0.040
 It.:  421 Obj.:   261.2405 Vol.:  0.500 ch.:  0.027
 It.:  422 Obj.:   261.2387 Vol.:  0.500 ch.:  0.028
 It.:  423 Obj.:   261.2423 Vol.:  0.500 ch.:  0.031
 It.:  424 Obj.:   261.2405 Vol.:  0.500 ch.:  0.033
 It.:  425 Obj.:   261.2386 Vol.:  0.500 ch.:  0.034
 It.:  426 Obj.:   261.2365 Vol.:  0.500 ch.:  0.036
 It.:  427 Obj.:   261.2391 Vol.:  0.500 ch.:  0.039
 It.:  428 Obj.:   261.2364 Vol.:  0.500 ch.:  0.041
 It.:  429 Obj.:   261.2342 Vol.:  0.500 ch.:  0.043
 It.:  430 Obj.:   261.2318 Vol.:  0.500 ch.:  0.045
 It.:  431 Obj.:   261.2341 Vol.:  0.500 ch.:  0.048
 It.:  432 Obj.:   261.2308 Vol.:  0.500 ch.:  0.050
 It.:  433 Obj.:   261.2323 Vol.:  0.500 ch.:  0.054
 It.:  434 Obj.:   261.2283 Vol.:  0.500 ch.:  0.041
 It.:  435 Obj.:   261.2304 Vol.:  0.500 ch.:  0.045
 It.:  436 Obj.:   261.2286 Vol.:  0.500 ch.:  0.047
 It.:  437 Obj.:   261.2273 Vol.:  0.500 ch.:  0.051
 It.:  438 Obj.:   261.2260 Vol.:  0.500 ch.:  0.054
 It.:  439 Obj.:   261.2246 Vol.:  0.500 ch.:  0.057
 It.:  440 Obj.:   261.2230 Vol.:  0.500 ch.:  0.060
 It.:  441 Obj.:   261.2261 Vol.:  0.500 ch.:  0.025
 It.:  442 Obj.:   261.2215 Vol.:  0.500 ch.:  0.023
 It.:  443 Obj.:   261.2225 Vol.:  0.500 ch.:  0.024
 It.:  444 Obj.:   261.2232 Vol.:  0.500 ch.:  0.025
 It.:  445 Obj.:   261.2237 Vol.:  0.500 ch.:  0.026
 It.:  446 Obj.:   261.2194 Vol.:  0.500 ch.:  0.026
 It.:  447 Obj.:   261.2196 Vol.:  0.500 ch.:  0.027
 It.:  448 Obj.:   261.2196 Vol.:  0.500 ch.:  0.028
 It.:  449 Obj.:   261.2193 Vol.:  0.500 ch.:  0.029
 It.:  450 Obj.:   261.2190 Vol.:  0.500 ch.:  0.031
 It.:  451 Obj.:   261.2184 Vol.:  0.500 ch.:  0.033
 It.:  452 Obj.:   261.2175 Vol.:  0.500 ch.:  0.036
 It.:  453 Obj.:   261.2163 Vol.:  0.500 ch.:  0.038
 It.:  454 Obj.:   261.2152 Vol.:  0.500 ch.:  0.040
 It.:  455 Obj.:   261.2144 Vol.:  0.500 ch.:  0.043
 It.:  456 Obj.:   261.2133 Vol.:  0.500 ch.:  0.046
 It.:  457 Obj.:   261.2119 Vol.:  0.500 ch.:  0.049
 It.:  458 Obj.:   261.2100 Vol.:  0.500 ch.:  0.052
 It.:  459 Obj.:   261.2079 Vol.:  0.500 ch.:  0.055
 It.:  460 Obj.:   261.2104 Vol.:  0.500 ch.:  0.059
 It.:  461 Obj.:   261.2073 Vol.:  0.500 ch.:  0.047
 It.:  462 Obj.:   261.2057 Vol.:  0.500 ch.:  0.037
 It.:  463 Obj.:   261.2056 Vol.:  0.500 ch.:  0.027
 It.:  464 Obj.:   261.2062 Vol.:  0.500 ch.:  0.029
 It.:  465 Obj.:   261.2066 Vol.:  0.500 ch.:  0.032
 It.:  466 Obj.:   261.2020 Vol.:  0.500 ch.:  0.033
 It.:  467 Obj.:   261.2020 Vol.:  0.500 ch.:  0.036
fatal: caught signal Terminated -- stopping myself...
attempting to save variables to 'octave-workspace'...
save to 'octave-workspace' complete
