warning: mkdir: directory exists
 It.:    1 Obj.: 28354.7799 Vol.:  0.300 ch.:  0.200
 It.:    2 Obj.: 15486.7780 Vol.:  0.300 ch.:  0.200
 It.:    3 Obj.:  9801.0384 Vol.:  0.300 ch.:  0.200
 It.:    4 Obj.:  7540.0114 Vol.:  0.300 ch.:  0.200
 It.:    5 Obj.:  6501.8073 Vol.:  0.300 ch.:  0.200
 It.:    6 Obj.:  5899.3628 Vol.:  0.300 ch.:  0.200
 It.:    7 Obj.:  5508.6508 Vol.:  0.300 ch.:  0.169
 It.:    8 Obj.:  5205.9813 Vol.:  0.300 ch.:  0.200
 It.:    9 Obj.:  4980.7634 Vol.:  0.300 ch.:  0.173
 It.:   10 Obj.:  4790.5167 Vol.:  0.300 ch.:  0.200
 It.:   11 Obj.:  4588.9460 Vol.:  0.300 ch.:  0.181
 It.:   12 Obj.:  4377.2810 Vol.:  0.300 ch.:  0.200
 It.:   13 Obj.:  4119.6100 Vol.:  0.300 ch.:  0.200
 It.:   14 Obj.:  3846.4820 Vol.:  0.300 ch.:  0.200
 It.:   15 Obj.:  3563.1570 Vol.:  0.300 ch.:  0.200
 It.:   16 Obj.:  3320.9222 Vol.:  0.300 ch.:  0.200
 It.:   17 Obj.:  3115.1472 Vol.:  0.300 ch.:  0.200
 It.:   18 Obj.:  2940.0486 Vol.:  0.300 ch.:  0.200
 It.:   19 Obj.:  2802.9925 Vol.:  0.300 ch.:  0.200
 It.:   20 Obj.:  2708.4120 Vol.:  0.300 ch.:  0.200
 It.:   21 Obj.:  2650.8016 Vol.:  0.300 ch.:  0.200
 It.:   22 Obj.:  2614.9294 Vol.:  0.300 ch.:  0.200
 It.:   23 Obj.:  2591.3754 Vol.:  0.300 ch.:  0.200
 It.:   24 Obj.:  2574.1929 Vol.:  0.300 ch.:  0.136
 It.:   25 Obj.:  2561.3283 Vol.:  0.300 ch.:  0.161
 It.:   26 Obj.:  2549.4050 Vol.:  0.300 ch.:  0.200
 It.:   27 Obj.:  2538.8926 Vol.:  0.300 ch.:  0.200
 It.:   28 Obj.:  2528.5508 Vol.:  0.300 ch.:  0.200
 It.:   29 Obj.:  2519.8656 Vol.:  0.300 ch.:  0.191
 It.:   30 Obj.:  2512.6369 Vol.:  0.300 ch.:  0.200
 It.:   31 Obj.:  2505.3716 Vol.:  0.300 ch.:  0.191
 It.:   32 Obj.:  2498.7130 Vol.:  0.300 ch.:  0.134
 It.:   33 Obj.:  2493.0417 Vol.:  0.300 ch.:  0.172
 It.:   34 Obj.:  2488.0036 Vol.:  0.300 ch.:  0.200
 It.:   35 Obj.:  2483.8866 Vol.:  0.300 ch.:  0.157
 It.:   36 Obj.:  2480.5452 Vol.:  0.300 ch.:  0.123
 It.:   37 Obj.:  2477.6179 Vol.:  0.300 ch.:  0.152
 It.:   38 Obj.:  2474.8833 Vol.:  0.300 ch.:  0.182
 It.:   39 Obj.:  2472.9671 Vol.:  0.300 ch.:  0.089
 It.:   40 Obj.:  2471.2891 Vol.:  0.300 ch.:  0.080
 It.:   41 Obj.:  2470.0878 Vol.:  0.300 ch.:  0.083
 It.:   42 Obj.:  2469.2051 Vol.:  0.300 ch.:  0.086
 It.:   43 Obj.:  2468.2504 Vol.:  0.300 ch.:  0.088
 It.:   44 Obj.:  2466.9832 Vol.:  0.300 ch.:  0.054
 It.:   45 Obj.:  2466.3075 Vol.:  0.300 ch.:  0.057
 It.:   46 Obj.:  2465.4472 Vol.:  0.300 ch.:  0.064
 It.:   47 Obj.:  2464.7120 Vol.:  0.300 ch.:  0.071
 It.:   48 Obj.:  2463.6354 Vol.:  0.300 ch.:  0.077
 It.:   49 Obj.:  2462.9198 Vol.:  0.300 ch.:  0.082
 It.:   50 Obj.:  2462.0699 Vol.:  0.300 ch.:  0.087
 It.:   51 Obj.:  2461.1494 Vol.:  0.300 ch.:  0.089
 It.:   52 Obj.:  2460.0225 Vol.:  0.300 ch.:  0.088
 It.:   53 Obj.:  2459.0832 Vol.:  0.300 ch.:  0.098
 It.:   54 Obj.:  2458.0314 Vol.:  0.300 ch.:  0.120
 It.:   55 Obj.:  2456.8907 Vol.:  0.300 ch.:  0.142
 It.:   56 Obj.:  2455.8892 Vol.:  0.300 ch.:  0.163
 It.:   57 Obj.:  2454.8544 Vol.:  0.300 ch.:  0.111
 It.:   58 Obj.:  2453.7471 Vol.:  0.300 ch.:  0.079
 It.:   59 Obj.:  2452.9974 Vol.:  0.300 ch.:  0.083
 It.:   60 Obj.:  2452.1445 Vol.:  0.300 ch.:  0.088
 It.:   61 Obj.:  2451.4846 Vol.:  0.300 ch.:  0.094
 It.:   62 Obj.:  2450.6861 Vol.:  0.300 ch.:  0.097
 It.:   63 Obj.:  2450.0918 Vol.:  0.300 ch.:  0.102
 It.:   64 Obj.:  2449.3712 Vol.:  0.300 ch.:  0.115
 It.:   65 Obj.:  2448.3741 Vol.:  0.300 ch.:  0.064
 It.:   66 Obj.:  2447.5581 Vol.:  0.300 ch.:  0.088
 It.:   67 Obj.:  2446.5006 Vol.:  0.300 ch.:  0.123
 It.:   68 Obj.:  2444.4553 Vol.:  0.300 ch.:  0.149
 It.:   69 Obj.:  2441.4471 Vol.:  0.300 ch.:  0.131
 It.:   70 Obj.:  2438.4939 Vol.:  0.300 ch.:  0.108
 It.:   71 Obj.:  2436.8885 Vol.:  0.300 ch.:  0.115
 It.:   72 Obj.:  2436.2516 Vol.:  0.300 ch.:  0.123
 It.:   73 Obj.:  2435.6420 Vol.:  0.300 ch.:  0.051
 It.:   74 Obj.:  2435.2922 Vol.:  0.300 ch.:  0.052
 It.:   75 Obj.:  2434.9775 Vol.:  0.300 ch.:  0.054
 It.:   76 Obj.:  2434.5638 Vol.:  0.300 ch.:  0.066
 It.:   77 Obj.:  2433.9685 Vol.:  0.300 ch.:  0.080
 It.:   78 Obj.:  2433.4216 Vol.:  0.300 ch.:  0.096
 It.:   79 Obj.:  2432.8161 Vol.:  0.300 ch.:  0.113
 It.:   80 Obj.:  2432.3601 Vol.:  0.300 ch.:  0.134
 It.:   81 Obj.:  2431.3422 Vol.:  0.300 ch.:  0.154
 It.:   82 Obj.:  2430.2779 Vol.:  0.300 ch.:  0.132
 It.:   83 Obj.:  2429.3398 Vol.:  0.300 ch.:  0.170
 It.:   84 Obj.:  2427.8277 Vol.:  0.300 ch.:  0.152
 It.:   85 Obj.:  2426.2877 Vol.:  0.300 ch.:  0.200
 It.:   86 Obj.:  2424.9806 Vol.:  0.300 ch.:  0.200
 It.:   87 Obj.:  2423.6522 Vol.:  0.300 ch.:  0.200
 It.:   88 Obj.:  2422.4908 Vol.:  0.300 ch.:  0.164
 It.:   89 Obj.:  2421.8436 Vol.:  0.300 ch.:  0.048
 It.:   90 Obj.:  2421.7454 Vol.:  0.300 ch.:  0.040
 It.:   91 Obj.:  2421.4145 Vol.:  0.300 ch.:  0.041
 It.:   92 Obj.:  2421.3246 Vol.:  0.300 ch.:  0.047
 It.:   93 Obj.:  2421.1535 Vol.:  0.300 ch.:  0.054
 It.:   94 Obj.:  2420.9230 Vol.:  0.300 ch.:  0.062
 It.:   95 Obj.:  2420.6312 Vol.:  0.300 ch.:  0.070
 It.:   96 Obj.:  2420.5134 Vol.:  0.300 ch.:  0.078
 It.:   97 Obj.:  2420.2852 Vol.:  0.300 ch.:  0.087
 It.:   98 Obj.:  2419.9915 Vol.:  0.300 ch.:  0.094
 It.:   99 Obj.:  2419.8627 Vol.:  0.300 ch.:  0.100
 It.:  100 Obj.:  2419.6244 Vol.:  0.300 ch.:  0.103
 It.:  101 Obj.:  2419.5656 Vol.:  0.300 ch.:  0.095
 It.:  102 Obj.:  2419.4393 Vol.:  0.300 ch.:  0.020
 It.:  103 Obj.:  2419.3252 Vol.:  0.300 ch.:  0.020
 It.:  104 Obj.:  2419.0932 Vol.:  0.300 ch.:  0.020
 It.:  105 Obj.:  2419.1668 Vol.:  0.300 ch.:  0.021
 It.:  106 Obj.:  2419.0068 Vol.:  0.300 ch.:  0.021
 It.:  107 Obj.:  2418.9158 Vol.:  0.300 ch.:  0.022
 It.:  108 Obj.:  2418.8559 Vol.:  0.300 ch.:  0.022
 It.:  109 Obj.:  2418.8223 Vol.:  0.300 ch.:  0.022
 It.:  110 Obj.:  2418.8688 Vol.:  0.300 ch.:  0.023
 It.:  111 Obj.:  2418.7464 Vol.:  0.300 ch.:  0.022
 It.:  112 Obj.:  2418.6890 Vol.:  0.300 ch.:  0.022
 It.:  113 Obj.:  2418.6691 Vol.:  0.300 ch.:  0.022
 It.:  114 Obj.:  2418.4819 Vol.:  0.300 ch.:  0.021
 It.:  115 Obj.:  2418.5831 Vol.:  0.300 ch.:  0.021
 It.:  116 Obj.:  2418.4677 Vol.:  0.300 ch.:  0.020
 It.:  117 Obj.:  2418.4241 Vol.:  0.300 ch.:  0.019
 It.:  118 Obj.:  2418.4048 Vol.:  0.300 ch.:  0.018
 It.:  119 Obj.:  2418.4287 Vol.:  0.300 ch.:  0.018
 It.:  120 Obj.:  2418.2658 Vol.:  0.300 ch.:  0.015
 It.:  121 Obj.:  2418.3711 Vol.:  0.300 ch.:  0.016
 It.:  122 Obj.:  2418.2465 Vol.:  0.300 ch.:  0.016
 It.:  123 Obj.:  2418.1997 Vol.:  0.300 ch.:  0.016
 It.:  124 Obj.:  2418.1665 Vol.:  0.300 ch.:  0.016
 It.:  125 Obj.:  2418.1613 Vol.:  0.300 ch.:  0.016
 It.:  126 Obj.:  2418.1687 Vol.:  0.300 ch.:  0.015
 It.:  127 Obj.:  2418.1907 Vol.:  0.300 ch.:  0.015
 It.:  128 Obj.:  2418.2226 Vol.:  0.300 ch.:  0.016
 It.:  129 Obj.:  2418.0649 Vol.:  0.300 ch.:  0.015
 It.:  130 Obj.:  2418.1749 Vol.:  0.300 ch.:  0.016
 It.:  131 Obj.:  2418.0481 Vol.:  0.300 ch.:  0.016
 It.:  132 Obj.:  2417.9914 Vol.:  0.300 ch.:  0.017
 It.:  133 Obj.:  2417.9468 Vol.:  0.300 ch.:  0.017
 It.:  134 Obj.:  2417.9286 Vol.:  0.300 ch.:  0.017
 It.:  135 Obj.:  2417.9216 Vol.:  0.300 ch.:  0.018
 It.:  136 Obj.:  2417.9279 Vol.:  0.300 ch.:  0.018
 It.:  137 Obj.:  2417.9457 Vol.:  0.300 ch.:  0.018
 It.:  138 Obj.:  2417.9761 Vol.:  0.300 ch.:  0.019
 It.:  139 Obj.:  2417.8380 Vol.:  0.300 ch.:  0.018
 It.:  140 Obj.:  2417.9693 Vol.:  0.300 ch.:  0.019
 It.:  141 Obj.:  2417.8581 Vol.:  0.300 ch.:  0.018
 It.:  142 Obj.:  2417.8143 Vol.:  0.300 ch.:  0.018
 It.:  143 Obj.:  2417.7801 Vol.:  0.300 ch.:  0.018
 It.:  144 Obj.:  2417.7692 Vol.:  0.300 ch.:  0.017
 It.:  145 Obj.:  2417.7666 Vol.:  0.300 ch.:  0.017
 It.:  146 Obj.:  2417.7741 Vol.:  0.300 ch.:  0.016
 It.:  147 Obj.:  2417.7870 Vol.:  0.300 ch.:  0.016
 It.:  148 Obj.:  2417.8047 Vol.:  0.300 ch.:  0.015
 It.:  149 Obj.:  2417.8253 Vol.:  0.300 ch.:  0.016
 It.:  150 Obj.:  2417.6443 Vol.:  0.300 ch.:  0.014
 It.:  151 Obj.:  2417.7303 Vol.:  0.300 ch.:  0.014
 It.:  152 Obj.:  2417.7750 Vol.:  0.300 ch.:  0.014
 It.:  153 Obj.:  2417.6192 Vol.:  0.300 ch.:  0.012
 It.:  154 Obj.:  2417.7189 Vol.:  0.300 ch.:  0.013
 It.:  155 Obj.:  2417.5704 Vol.:  0.300 ch.:  0.011
 It.:  156 Obj.:  2417.6904 Vol.:  0.300 ch.:  0.012
 It.:  157 Obj.:  2417.5501 Vol.:  0.300 ch.:  0.010
 It.:  158 Obj.:  2417.6781 Vol.:  0.300 ch.:  0.012
 It.:  159 Obj.:  2417.5413 Vol.:  0.300 ch.:  0.011
 It.:  160 Obj.:  2417.4642 Vol.:  0.300 ch.:  0.011
 It.:  161 Obj.:  2417.5958 Vol.:  0.300 ch.:  0.012
 It.:  162 Obj.:  2417.4824 Vol.:  0.300 ch.:  0.012
 It.:  163 Obj.:  2417.4220 Vol.:  0.300 ch.:  0.012
 It.:  164 Obj.:  2417.5593 Vol.:  0.300 ch.:  0.013
 It.:  165 Obj.:  2417.4516 Vol.:  0.300 ch.:  0.014
 It.:  166 Obj.:  2417.3844 Vol.:  0.300 ch.:  0.014
 It.:  167 Obj.:  2417.5120 Vol.:  0.300 ch.:  0.015
 It.:  168 Obj.:  2417.3983 Vol.:  0.300 ch.:  0.016
 It.:  169 Obj.:  2417.3235 Vol.:  0.300 ch.:  0.016
 It.:  170 Obj.:  2417.4410 Vol.:  0.300 ch.:  0.018
 It.:  171 Obj.:  2417.3200 Vol.:  0.300 ch.:  0.019
 It.:  172 Obj.:  2417.2469 Vol.:  0.300 ch.:  0.020
 It.:  173 Obj.:  2417.3621 Vol.:  0.300 ch.:  0.021
 It.:  174 Obj.:  2417.2350 Vol.:  0.300 ch.:  0.022
 It.:  175 Obj.:  2417.3365 Vol.:  0.300 ch.:  0.024
 It.:  176 Obj.:  2417.1843 Vol.:  0.300 ch.:  0.025
 It.:  177 Obj.:  2417.2761 Vol.:  0.300 ch.:  0.027
 It.:  178 Obj.:  2417.1257 Vol.:  0.300 ch.:  0.028
 It.:  179 Obj.:  2417.2099 Vol.:  0.300 ch.:  0.031
 It.:  180 Obj.:  2417.0408 Vol.:  0.300 ch.:  0.032
 It.:  181 Obj.:  2417.1085 Vol.:  0.300 ch.:  0.034
 It.:  182 Obj.:  2417.1178 Vol.:  0.300 ch.:  0.035
 It.:  183 Obj.:  2417.1203 Vol.:  0.300 ch.:  0.037
 It.:  184 Obj.:  2417.1011 Vol.:  0.300 ch.:  0.039
 It.:  185 Obj.:  2417.0727 Vol.:  0.300 ch.:  0.041
 It.:  186 Obj.:  2417.0331 Vol.:  0.300 ch.:  0.043
 It.:  187 Obj.:  2416.9862 Vol.:  0.300 ch.:  0.045
 It.:  188 Obj.:  2416.9327 Vol.:  0.300 ch.:  0.047
 It.:  189 Obj.:  2416.8744 Vol.:  0.300 ch.:  0.048
 It.:  190 Obj.:  2416.8126 Vol.:  0.300 ch.:  0.050
 It.:  191 Obj.:  2416.7487 Vol.:  0.300 ch.:  0.029
 It.:  192 Obj.:  2416.7460 Vol.:  0.300 ch.:  0.029
 It.:  193 Obj.:  2416.8128 Vol.:  0.300 ch.:  0.030
 It.:  194 Obj.:  2416.7267 Vol.:  0.300 ch.:  0.030
 It.:  195 Obj.:  2416.6867 Vol.:  0.300 ch.:  0.021
 It.:  196 Obj.:  2416.6849 Vol.:  0.300 ch.:  0.015
 It.:  197 Obj.:  2416.7534 Vol.:  0.300 ch.:  0.014
 It.:  198 Obj.:  2416.6636 Vol.:  0.300 ch.:  0.015
 It.:  199 Obj.:  2416.6397 Vol.:  0.300 ch.:  0.016
 It.:  200 Obj.:  2416.6404 Vol.:  0.300 ch.:  0.017
